Component: ARM Compiler 5.06 update 6 (build 750) Tool: armlink [4d35ed]

==============================================================================

Section Cross References

    startup_stm32f103xb.o(STACK) refers (Special) to heapauxi.o(.text) for __use_two_region_memory
    startup_stm32f103xb.o(HEAP) refers (Special) to heapauxi.o(.text) for __use_two_region_memory
    startup_stm32f103xb.o(RESET) refers (Special) to heapauxi.o(.text) for __use_two_region_memory
    startup_stm32f103xb.o(RESET) refers to startup_stm32f103xb.o(STACK) for __initial_sp
    startup_stm32f103xb.o(RESET) refers to startup_stm32f103xb.o(.text) for Reset_Handler
    startup_stm32f103xb.o(RESET) refers to stm32f1xx_it.o(i.NMI_Handler) for NMI_Handler
    startup_stm32f103xb.o(RESET) refers to stm32f1xx_it.o(i.HardFault_Handler) for HardFault_Handler
    startup_stm32f103xb.o(RESET) refers to stm32f1xx_it.o(i.MemManage_Handler) for MemManage_Handler
    startup_stm32f103xb.o(RESET) refers to stm32f1xx_it.o(i.BusFault_Handler) for BusFault_Handler
    startup_stm32f103xb.o(RESET) refers to stm32f1xx_it.o(i.UsageFault_Handler) for UsageFault_Handler
    startup_stm32f103xb.o(RESET) refers to stm32f1xx_it.o(i.SVC_Handler) for SVC_Handler
    startup_stm32f103xb.o(RESET) refers to stm32f1xx_it.o(i.DebugMon_Handler) for DebugMon_Handler
    startup_stm32f103xb.o(RESET) refers to stm32f1xx_it.o(i.PendSV_Handler) for PendSV_Handler
    startup_stm32f103xb.o(RESET) refers to stm32f1xx_it.o(i.SysTick_Handler) for SysTick_Handler
    startup_stm32f103xb.o(RESET) refers to stm32f1xx_it.o(i.EXTI15_10_IRQHandler) for EXTI15_10_IRQHandler
    startup_stm32f103xb.o(.text) refers (Special) to heapauxi.o(.text) for __use_two_region_memory
    startup_stm32f103xb.o(.text) refers to system_stm32f1xx.o(i.SystemInit) for SystemInit
    startup_stm32f103xb.o(.text) refers to __main.o(!!!main) for __main
    startup_stm32f103xb.o(.text) refers to startup_stm32f103xb.o(HEAP) for Heap_Mem
    startup_stm32f103xb.o(.text) refers to startup_stm32f103xb.o(STACK) for Stack_Mem
    flash.o(i.Flash_Erase) refers to stm32f1xx_hal_flash.o(i.HAL_FLASH_Unlock) for HAL_FLASH_Unlock
    flash.o(i.Flash_Erase) refers to stm32f1xx_hal_flash_ex.o(i.HAL_FLASHEx_Erase) for HAL_FLASHEx_Erase
    flash.o(i.Flash_Erase) refers to stm32f1xx_hal_flash.o(i.HAL_FLASH_Lock) for HAL_FLASH_Lock
    flash.o(i.Flash_Read_Struct) refers to flash.o(i.Flash_Read_Array) for Flash_Read_Array
    flash.o(i.Flash_Write_Array) refers to stm32f1xx_hal_flash.o(i.HAL_FLASH_Unlock) for HAL_FLASH_Unlock
    flash.o(i.Flash_Write_Array) refers to stm32f1xx_hal_flash.o(i.HAL_FLASH_Program) for HAL_FLASH_Program
    flash.o(i.Flash_Write_Array) refers to stm32f1xx_hal_flash.o(i.HAL_FLASH_Lock) for HAL_FLASH_Lock
    flash.o(i.Flash_Write_Float) refers to stm32f1xx_hal_flash.o(i.HAL_FLASH_Unlock) for HAL_FLASH_Unlock
    flash.o(i.Flash_Write_Float) refers to stm32f1xx_hal_flash.o(i.HAL_FLASH_Program) for HAL_FLASH_Program
    flash.o(i.Flash_Write_Float) refers to stm32f1xx_hal_flash.o(i.HAL_FLASH_Lock) for HAL_FLASH_Lock
    flash.o(i.Flash_Write_Struct) refers to stm32f1xx_hal_flash.o(i.HAL_FLASH_Unlock) for HAL_FLASH_Unlock
    flash.o(i.Flash_Write_Struct) refers to flash.o(i.Flash_Write_Array) for Flash_Write_Array
    flash.o(i.Flash_Write_Struct) refers to stm32f1xx_hal_flash.o(i.HAL_FLASH_Lock) for HAL_FLASH_Lock
    flash.o(i.Flash_Write_uint) refers to stm32f1xx_hal_flash.o(i.HAL_FLASH_Unlock) for HAL_FLASH_Unlock
    flash.o(i.Flash_Write_uint) refers to stm32f1xx_hal_flash.o(i.HAL_FLASH_Program) for HAL_FLASH_Program
    flash.o(i.Flash_Write_uint) refers to stm32f1xx_hal_flash.o(i.HAL_FLASH_Lock) for HAL_FLASH_Lock
    rc522.o(i.AntennaOff) refers to rc522.o(i.ClearBitMask) for ClearBitMask
    rc522.o(i.AntennaOn) refers to rc522.o(i.Read_MFRC522) for Read_MFRC522
    rc522.o(i.AntennaOn) refers to rc522.o(i.SetBitMask) for SetBitMask
    rc522.o(i.CalulateCRC) refers to rc522.o(i.ClearBitMask) for ClearBitMask
    rc522.o(i.CalulateCRC) refers to rc522.o(i.SetBitMask) for SetBitMask
    rc522.o(i.CalulateCRC) refers to rc522.o(i.Write_MFRC522) for Write_MFRC522
    rc522.o(i.CalulateCRC) refers to rc522.o(i.Read_MFRC522) for Read_MFRC522
    rc522.o(i.ClearBitMask) refers to rc522.o(i.Read_MFRC522) for Read_MFRC522
    rc522.o(i.ClearBitMask) refers to rc522.o(i.Write_MFRC522) for Write_MFRC522
    rc522.o(i.MFRC522_Anticoll) refers to rc522.o(i.Write_MFRC522) for Write_MFRC522
    rc522.o(i.MFRC522_Anticoll) refers to rc522.o(i.MFRC522_ToCard) for MFRC522_ToCard
    rc522.o(i.MFRC522_Auth) refers to rc522.o(i.MFRC522_ToCard) for MFRC522_ToCard
    rc522.o(i.MFRC522_Auth) refers to rc522.o(i.Read_MFRC522) for Read_MFRC522
    rc522.o(i.MFRC522_Halt) refers to rc522.o(i.CalulateCRC) for CalulateCRC
    rc522.o(i.MFRC522_Halt) refers to rc522.o(i.MFRC522_ToCard) for MFRC522_ToCard
[...]
    ../clib/heap2.c                          0x00000000   Number         0  fdtree.o ABSOLUTE
    ../clib/heap2.c                          0x00000000   Number         0  heap2mt.o ABSOLUTE
    ../clib/heapalloc.c                      0x00000000   Number         0  hguard.o ABSOLUTE
    ../clib/heapalloc.c                      0x00000000   Number         0  init_alloc.o ABSOLUTE
    ../clib/heapalloc.c                      0x00000000   Number         0  free.o ABSOLUTE
    ../clib/heapalloc.c                      0x00000000   Number         0  heapstubs.o ABSOLUTE
    ../clib/heapalloc.c                      0x00000000   Number         0  term_alloc.o ABSOLUTE
    ../clib/heapalloc.c                      0x00000000   Number         0  malloc.o ABSOLUTE
    ../clib/heapalloc.c                      0x00000000   Number         0  maybetermalloc1.o ABSOLUTE
    ../clib/heapalloc.c                      0x00000000   Number         0  maybetermalloc2.o ABSOLUTE
    ../clib/heapalloc.c                      0x00000000   Number         0  hrguard.o ABSOLUTE
    ../clib/heapalloc.c                      0x00000000   Number         0  maybetermalloc1.o ABSOLUTE
    ../clib/heapalloc.c                      0x00000000   Number         0  maybetermalloc2.o ABSOLUTE
    ../clib/heapaux.c                        0x00000000   Number         0  heapauxi.o ABSOLUTE
    ../clib/heapaux.c                        0x00000000   Number         0  heapauxa.o ABSOLUTE
    ../clib/libinit.s                        0x00000000   Number         0  libshutdown2.o ABSOLUTE
    ../clib/libinit.s                        0x00000000   Number         0  libinit.o ABSOLUTE
    ../clib/libinit.s                        0x00000000   Number         0  libinit2.o ABSOLUTE
    ../clib/libinit.s                        0x00000000   Number         0  libshutdown.o ABSOLUTE
    ../clib/longlong.s                       0x00000000   Number         0  llushr.o ABSOLUTE
    ../clib/memcpset.s                       0x00000000   Number         0  rt_memclr_w.o ABSOLUTE
    ../clib/memcpset.s                       0x00000000   Number         0  rt_memcpy_w.o ABSOLUTE
    ../clib/printf.c                         0x00000000   Number         0  __printf_ss_wp.o ABSOLUTE
    ../clib/printf.c                         0x00000000   Number         0  __printf_flags_wp.o ABSOLUTE
    ../clib/printf.c                         0x00000000   Number         0  __printf_wp.o ABSOLUTE
    ../clib/printf.c                         0x00000000   Number         0  __printf_flags_ss.o ABSOLUTE
    ../clib/printf.c                         0x00000000   Number         0  __printf_ss.o ABSOLUTE
    ../clib/printf.c                         0x00000000   Number         0  __printf_flags.o ABSOLUTE
    ../clib/printf.c                         0x00000000   Number         0  _printf_dec.o ABSOLUTE
    ../clib/printf.c                         0x00000000   Number         0  __printf.o ABSOLUTE
    ../clib/printf.c                         0x00000000   Number         0  noretval__2sprintf.o ABSOLUTE
    ../clib/printf.c                         0x00000000   Number         0  __2sprintf.o ABSOLUTE
    ../clib/printf.c                         0x00000000   Number         0  __printf_nopercent.o ABSOLUTE
    ../clib/printf.c                         0x00000000   Number         0  __printf_flags_ss_wp.o ABSOLUTE
    ../clib/printf.c                         0x00000000   Number         0  _sputc.o ABSOLUTE
    ../clib/printf.c                         0x00000000   Number         0  _printf_char_common.o ABSOLUTE
    ../clib/printf.c                         0x00000000   Number         0  _printf_intcommon.o ABSOLUTE
    ../clib/printf_percent.s                 0x00000000   Number         0  _printf_percent.o ABSOLUTE
    ../clib/printf_percent.s                 0x00000000   Number         0  _printf_d.o ABSOLUTE
    ../clib/printf_percent.s                 0x00000000   Number         0  _printf_percent_end.o ABSOLUTE
    ../clib/signal.c                         0x00000000   Number         0  defsig_rtmem_outer.o ABSOLUTE
    ../clib/signal.c                         0x00000000   Number         0  defsig_abrt_inner.o ABSOLUTE
    ../clib/signal.c                         0x00000000   Number         0  defsig_rtred_inner.o ABSOLUTE
    ../clib/signal.c                         0x00000000   Number         0  defsig_fpe_inner.o ABSOLUTE
    ../clib/signal.c                         0x00000000   Number         0  defsig_pvfn_inner.o ABSOLUTE
    ../clib/signal.c                         0x00000000   Number         0  defsig_rtmem_formal.o ABSOLUTE
    ../clib/signal.c                         0x00000000   Number         0  defsig_stak_inner.o ABSOLUTE
    ../clib/signal.c                         0x00000000   Number         0  defsig_segv_inner.o ABSOLUTE
    ../clib/signal.c                         0x00000000   Number         0  defsig_other.o ABSOLUTE
    ../clib/signal.c                         0x00000000   Number         0  defsig_rtmem_inner.o ABSOLUTE
    ../clib/signal.c                         0x00000000   Number         0  defsig_exit.o ABSOLUTE
    ../clib/signal.c                         0x00000000   Number         0  defsig_cppl_inner.o ABSOLUTE
    ../clib/signal.c                         0x00000000   Number         0  __raise.o ABSOLUTE
    ../clib/signal.c                         0x00000000   Number         0  defsig_general.o ABSOLUTE
    ../clib/signal.s                         0x00000000   Number         0  defsig.o ABSOLUTE
    ../clib/stdlib.c                         0x00000000   Number         0  exit.o ABSOLUTE
    ../clib/string.c                         0x00000000   Number         0  strcpy.o ABSOLUTE
    ../clib/string.c                         0x00000000   Number         0  strlen.o ABSOLUTE
    ../fplib/fpinit.s                        0x00000000   Number         0  fpinit.o ABSOLUTE
    ..\Core\Src\flash.c                      0x00000000   Number         0  flash.o ABSOLUTE
    ..\Core\Src\main.c                       0x00000000   Number         0  main.o ABSOLUTE
    ..\Core\Src\rc522.c                      0x00000000   Number         0  rc522.o ABSOLUTE
    ..\Core\Src\stm32f1xx_hal_msp.c          0x00000000   Number         0  stm32f1xx_hal_msp.o ABSOLUTE
    ..\Core\Src\stm32f1xx_it.c               0x00000000   Number         0  stm32f1xx_it.o ABSOLUTE
    ..\Core\Src\system_stm32f1xx.c           0x00000000   Number         0  system_stm32f1xx.o ABSOLUTE
    ..\Drivers\STM32F1xx_HAL_Driver\Src\stm32f1xx_hal.c 0x00000000   Number         0  stm32f1xx_hal.o ABSOLUTE
    ..\Drivers\STM32F1xx_HAL_Driver\Src\stm32f1xx_hal_cortex.c 0x00000000   Number         0  stm32f1xx_hal_cortex.o ABSOLUTE
    ..\Drivers\STM32F1xx_HAL_Driver\Src\stm32f1xx_hal_dma.c 0x00000000   Number         0  stm32f1xx_hal_dma.o ABSOLUTE
    ..\Drivers\STM32F1xx_HAL_Driver\Src\stm32f1xx_hal_exti.c 0x00000000   Number         0  stm32f1xx_hal_exti.o ABSOLUTE
    ..\Drivers\STM32F1xx_HAL_Driver\Src\stm32f1xx_hal_flash.c 0x00000000   Number         0  stm32f1xx_hal_flash.o ABSOLUTE
    ..\Drivers\STM32F1xx_HAL_Driver\Src\stm32f1xx_hal_flash_ex.c 0x00000000   Number         0  stm32f1xx_hal_flash_ex.o ABSOLUTE
    ..\Drivers\STM32F1xx_HAL_Driver\Src\stm32f1xx_hal_gpio.c 0x00000000   Number         0  stm32f1xx_hal_gpio.o ABSOLUTE
    ..\Drivers\STM32F1xx_HAL_Driver\Src\stm32f1xx_hal_gpio_ex.c 0x00000000   Number         0  stm32f1xx_hal_gpio_ex.o ABSOLUTE
    ..\Drivers\STM32F1xx_HAL_Driver\Src\stm32f1xx_hal_i2c.c 0x00000000   Number         0  stm32f1xx_hal_i2c.o ABSOLUTE
    ..\Drivers\STM32F1xx_HAL_Driver\Src\stm32f1xx_hal_pwr.c 0x00000000   Number         0  stm32f1xx_hal_pwr.o ABSOLUTE
    ..\Drivers\STM32F1xx_HAL_Driver\Src\stm32f1xx_hal_rcc.c 0x00000000   Number         0  stm32f1xx_hal_rcc.o ABSOLUTE
    ..\Drivers\STM32F1xx_HAL_Driver\Src\stm32f1xx_hal_rcc_ex.c 0x00000000   Number         0  stm32f1xx_hal_rcc_ex.o ABSOLUTE
    ..\Drivers\STM32F1xx_HAL_Driver\Src\stm32f1xx_hal_spi.c 0x00000000   Number         0  stm32f1xx_hal_spi.o ABSOLUTE
    ..\Drivers\STM32F1xx_HAL_Driver\Src\stm32f1xx_hal_tim.c 0x00000000   Number         0  stm32f1xx_hal_tim.o ABSOLUTE
    ..\Drivers\STM32F1xx_HAL_Driver\Src\stm32f1xx_hal_tim_ex.c 0x00000000   Number         0  stm32f1xx_hal_tim_ex.o ABSOLUTE
    ..\\Core\\Src\\flash.c                   0x00000000   Number         0  flash.o ABSOLUTE
    ..\\Core\\Src\\rc522.c                   0x00000000   Number         0  rc522.o ABSOLUTE
    dc.s                                     0x00000000   Number         0  dc.o ABSOLUTE
    startup_stm32f103xb.s                    0x00000000   Number         0  startup_stm32f103xb.o ABSOLUTE
    RESET                                    0x08000000   Section      236  startup_stm32f103xb.o(RESET)
    !!!main                                  0x080000ec   Section        8  __main.o(!!!main)
    !!!scatter                               0x080000f4   Section       52  __scatter.o(!!!scatter)
    !!handler_copy                           0x08000128   Section       26  __scatter_copy.o(!!handler_copy)
    !!handler_zi                             0x08000144   Section       28  __scatter_zi.o(!!handler_zi)
    .ARM.Collect$$_printf_percent$$00000000  0x08000160   Section        0  _printf_percent.o(.ARM.Collect$$_printf_percent$$00000000)
    .ARM.Collect$$_printf_percent$$00000009  0x08000160   Section        6  _printf_d.o(.ARM.Collect$$_printf_percent$$00000009)
    .ARM.Collect$$_printf_percent$$00000017  0x08000166   Section        4  _printf_percent_end.o(.ARM.Collect$$_printf_percent$$00000017)
    .ARM.Collect$$libinit$$00000000          0x0800016a   Section        2  libinit.o(.ARM.Collect$$libinit$$00000000)
    .ARM.Collect$$libinit$$00000002          0x0800016c   Section        0  libinit2.o(.ARM.Collect$$libinit$$00000002)
    .ARM.Collect$$libinit$$00000004          0x0800016c   Section        0  libinit2.o(.ARM.Collect$$libinit$$00000004)
    .ARM.Collect$$libinit$$00000005          0x0800016c   Section        8  libinit2.o(.ARM.Collect$$libinit$$00000005)
    .ARM.Collect$$libinit$$0000000A          0x08000174   Section        0  libinit2.o(.ARM.Collect$$libinit$$0000000A)
    .ARM.Collect$$libinit$$0000000C          0x08000174   Section        0  libinit2.o(.ARM.Collect$$libinit$$0000000C)
    .ARM.Collect$$libinit$$0000000E          0x08000174   Section        0  libinit2.o(.ARM.Collect$$libinit$$0000000E)
    .ARM.Collect$$libinit$$00000011          0x08000174   Section        0  libinit2.o(.ARM.Collect$$libinit$$00000011)
    .ARM.Collect$$libinit$$00000013          0x08000174   Section        0  libinit2.o(.ARM.Collect$$libinit$$00000013)
    .ARM.Collect$$libinit$$00000015          0x08000174   Section        0  libinit2.o(.ARM.Collect$$libinit$$00000015)
    .ARM.Collect$$libinit$$00000017          0x08000174   Section        0  libinit2.o(.ARM.Collect$$libinit$$00000017)
    .ARM.Collect$$libinit$$00000019          0x08000174   Section        0  libinit2.o(.ARM.Collect$$libinit$$00000019)
    .ARM.Collect$$libinit$$0000001B          0x08000174   Section        0  libinit2.o(.ARM.Collect$$libinit$$0000001B)
    .ARM.Collect$$libinit$$0000001D          0x08000174   Section        0  libinit2.o(.ARM.Collect$$libinit$$0000001D)
    .ARM.Collect$$libinit$$0000001F          0x08000174   Section        0  libinit2.o(.ARM.Collect$$libinit$$0000001F)
    .ARM.Collect$$libinit$$00000021          0x08000174   Section        0  libinit2.o(.ARM.Collect$$libinit$$00000021)
    .ARM.Collect$$libinit$$00000023          0x08000174   Section        0  libinit2.o(.ARM.Collect$$libinit$$00000023)
    .ARM.Collect$$libinit$$00000025          0x08000174   Section        0  libinit2.o(.ARM.Collect$$libinit$$00000025)
    .ARM.Collect$$libinit$$0000002C          0x08000174   Section        0  libinit2.o(.ARM.Collect$$libinit$$0000002C)
    .ARM.Collect$$libinit$$0000002E          0x08000174   Section        0  libinit2.o(.ARM.Collect$$libinit$$0000002E)
    .ARM.Collect$$libinit$$00000030          0x08000174   Section        0  libinit2.o(.ARM.Collect$$libinit$$00000030)
    .ARM.Collect$$libinit$$00000032          0x08000174   Section        0  libinit2.o(.ARM.Collect$$libinit$$00000032)
    .ARM.Collect$$libinit$$00000033          0x08000174   Section        2  libinit2.o(.ARM.Collect$$libinit$$00000033)
    .ARM.Collect$$libshutdown$$00000000      0x08000176   Section        2  libshutdown.o(.ARM.Collect$$libshutdown$$00000000)
    .ARM.Collect$$libshutdown$$00000002      0x08000178   Section        0  libshutdown2.o(.ARM.Collect$$libshutdown$$00000002)
    .ARM.Collect$$libshutdown$$00000004      0x08000178   Section        0  libshutdown2.o(.ARM.Collect$$libshutdown$$00000004)
    .ARM.Collect$$libshutdown$$00000007      0x08000178   Section        0  libshutdown2.o(.ARM.Collect$$libshutdown$$00000007)
    .ARM.Collect$$libshutdown$$0000000A      0x08000178   Section        0  libshutdown2.o(.ARM.Collect$$libshutdown$$0000000A)
    .ARM.Collect$$libshutdown$$0000000C      0x08000178   Section        0  libshutdown2.o(.ARM.Collect$$libshutdown$$0000000C)
    .ARM.Collect$$libshutdown$$0000000F      0x08000178   Section        0  libshutdown2.o(.ARM.Collect$$libshutdown$$0000000F)
    .ARM.Collect$$libshutdown$$00000010      0x08000178   Section        2  libshutdown2.o(.ARM.Collect$$libshutdown$$00000010)
    .ARM.Collect$$rtentry$$00000000          0x0800017a   Section        0  __rtentry.o(.ARM.Collect$$rtentry$$00000000)
    .ARM.Collect$$rtentry$$00000002          0x0800017a   Section        0  __rtentry2.o(.ARM.Collect$$rtentry$$00000002)
    .ARM.Collect$$rtentry$$00000004          0x0800017a   Section        6  __rtentry4.o(.ARM.Collect$$rtentry$$00000004)
    .ARM.Collect$$rtentry$$00000009          0x08000180   Section        0  __rtentry2.o(.ARM.Collect$$rtentry$$00000009)
    .ARM.Collect$$rtentry$$0000000A          0x08000180   Section        4  __rtentry2.o(.ARM.Collect$$rtentry$$0000000A)
    .ARM.Collect$$rtentry$$0000000C          0x08000184   Section        0  __rtentry2.o(.ARM.Collect$$rtentry$$0000000C)
    .ARM.Collect$$rtentry$$0000000D          0x08000184   Section        8  __rtentry2.o(.ARM.Collect$$rtentry$$0000000D)
    .ARM.Collect$$rtexit$$00000000           0x0800018c   Section        2  rtexit.o(.ARM.Collect$$rtexit$$00000000)
    .ARM.Collect$$rtexit$$00000002           0x0800018e   Section        0  rtexit2.o(.ARM.Collect$$rtexit$$00000002)
    .ARM.Collect$$rtexit$$00000003           0x0800018e   Section        4  rtexit2.o(.ARM.Collect$$rtexit$$00000003)
    .ARM.Collect$$rtexit$$00000004           0x08000192   Section        6  rtexit2.o(.ARM.Collect$$rtexit$$00000004)
    .emb_text                                0x08000198   Section        0  maybetermalloc1.o(.emb_text)
    .text                                    0x08000198   Section       64  startup_stm32f103xb.o(.text)
    .text                                    0x080001d8   Section        0  h1_alloc.o(.text)
    .text                                    0x08000236   Section        0  h1_free.o(.text)
    .text                                    0x08000284   Section       38  llushr.o(.text)
    .text                                    0x080002ac   Section        0  noretval__2sprintf.o(.text)
    .text                                    0x080002d4   Section        0  __printf.o(.text)
    .text                                    0x0800033c   Section        0  _printf_dec.o(.text)
    .text                                    0x080003b4   Section        0  strcpy.o(.text)
    .text                                    0x080003fc   Section        0  strlen.o(.text)
    .text                                    0x0800043a   Section       78  rt_memclr_w.o(.text)
    .text                                    0x08000488   Section        0  heapauxi.o(.text)
    .text                                    0x08000490   Section        8  rt_heap_descriptor_intlibspace.o(.text)
    .text                                    0x08000498   Section        0  hguard.o(.text)
    .text                                    0x0800049c   Section        0  init_alloc.o(.text)
    .text                                    0x08000526   Section        0  h1_init.o(.text)
    .text                                    0x08000534   Section        0  _printf_intcommon.o(.text)
    .text                                    0x080005e8   Section        0  _printf_char_common.o(.text)
    _printf_input_char                       0x080005e9   Thumb Code    10  _printf_char_common.o(.text)
    .text                                    0x08000618   Section        0  _sputc.o(.text)
    .text                                    0x08000624   Section        8  libspace.o(.text)
    .text                                    0x0800062c   Section        0  h1_extend.o(.text)
    .text                                    0x08000660   Section        0  defsig_rtmem_outer.o(.text)
    .text                                    0x0800066e   Section        2  use_no_semi.o(.text)
    .text                                    0x08000670   Section       74  sys_stackheap_outer.o(.text)
    .text                                    0x08000670   Section        0  indicate_semi.o(.text)
    .text                                    0x080006ba   Section        0  exit.o(.text)
    .text                                    0x080006cc   Section        0  defsig_exit.o(.text)
    .text                                    0x080006d8   Section        0  defsig_rtmem_inner.o(.text)
    .text                                    0x08000728   Section        0  sys_exit.o(.text)
    .text                                    0x08000734   Section        0  defsig_general.o(.text)
    .text                                    0x08000766   Section        0  sys_wrch.o(.text)
    i.AntennaOn                              0x08000774   Section        0  rc522.o(i.AntennaOn)
    i.BusFault_Handler                       0x08000788   Section        0  stm32f1xx_it.o(i.BusFault_Handler)
    i.CHANGE_PASS                            0x0800078c   Section        0  main.o(i.CHANGE_PASS)
    i.CHECK_ARRAY                            0x08000ad0   Section        0  main.o(i.CHECK_ARRAY)
    i.ClearBitMask                           0x08000aee   Section        0  rc522.o(i.ClearBitMask)
    i.DebugMon_Handler                       0x08000b06   Section        0  stm32f1xx_it.o(i.DebugMon_Handler)
    i.EXTI15_10_IRQHandler                   0x08000b08   Section        0  stm32f1xx_it.o(i.EXTI15_10_IRQHandler)
    i.FLASH_MassErase                        0x08000b10   Section        0  stm32f1xx_hal_flash_ex.o(i.FLASH_MassErase)
    FLASH_MassErase                          0x08000b11   Thumb Code    26  stm32f1xx_hal_flash_ex.o(i.FLASH_MassErase)
    i.FLASH_PageErase                        0x08000b34   Section        0  stm32f1xx_hal_flash_ex.o(i.FLASH_PageErase)
    i.FLASH_Program_HalfWord                 0x08000b58   Section        0  stm32f1xx_hal_flash.o(i.FLASH_Program_HalfWord)
    FLASH_Program_HalfWord                   0x08000b59   Thumb Code    20  stm32f1xx_hal_flash.o(i.FLASH_Program_HalfWord)
    i.FLASH_SetErrorCode                     0x08000b74   Section        0  stm32f1xx_hal_flash.o(i.FLASH_SetErrorCode)
    FLASH_SetErrorCode                       0x08000b75   Thumb Code    84  stm32f1xx_hal_flash.o(i.FLASH_SetErrorCode)
    i.FLASH_WaitForLastOperation             0x08000bd0   Section        0  stm32f1xx_hal_flash.o(i.FLASH_WaitForLastOperation)
    i.Flash_Erase                            0x08000c24   Section        0  flash.o(i.Flash_Erase)
    i.Flash_Read_Array                       0x08000c4a   Section        0  flash.o(i.Flash_Read_Array)
    i.Flash_Read_uint                        0x08000c66   Section        0  flash.o(i.Flash_Read_uint)
    i.Flash_Write_Array                      0x08000c6c   Section        0  flash.o(i.Flash_Write_Array)
    i.Flash_Write_uint                       0x08000ca2   Section        0  flash.o(i.Flash_Write_uint)
    i.HAL_Delay                              0x08000cc0   Section        0  stm32f1xx_hal.o(i.HAL_Delay)
    i.HAL_FLASHEx_Erase                      0x08000ce4   Section        0  stm32f1xx_hal_flash_ex.o(i.HAL_FLASHEx_Erase)
    i.HAL_FLASH_Lock                         0x08000d8c   Section        0  stm32f1xx_hal_flash.o(i.HAL_FLASH_Lock)
    i.HAL_FLASH_Program                      0x08000da0   Section        0  stm32f1xx_hal_flash.o(i.HAL_FLASH_Program)
    i.HAL_FLASH_Unlock                       0x08000e20   Section        0  stm32f1xx_hal_flash.o(i.HAL_FLASH_Unlock)
    i.HAL_GPIO_EXTI_Callback                 0x08000e48   Section        0  stm32f1xx_hal_gpio.o(i.HAL_GPIO_EXTI_Callback)
    i.HAL_GPIO_EXTI_IRQHandler               0x08000e4c   Section        0  stm32f1xx_hal_gpio.o(i.HAL_GPIO_EXTI_IRQHandler)
    i.HAL_GPIO_Init                          0x08000e64   Section        0  stm32f1xx_hal_gpio.o(i.HAL_GPIO_Init)
    i.HAL_GPIO_ReadPin                       0x08001044   Section        0  stm32f1xx_hal_gpio.o(i.HAL_GPIO_ReadPin)
    i.HAL_GPIO_WritePin                      0x0800104e   Section        0  stm32f1xx_hal_gpio.o(i.HAL_GPIO_WritePin)
    i.HAL_GetTick                            0x08001058   Section        0  stm32f1xx_hal.o(i.HAL_GetTick)
    i.HAL_I2C_Init                           0x08001064   Section        0  stm32f1xx_hal_i2c.o(i.HAL_I2C_Init)
    i.HAL_I2C_Master_Transmit                0x080011ec   Section        0  stm32f1xx_hal_i2c.o(i.HAL_I2C_Master_Transmit)
    i.HAL_I2C_MspInit                        0x08001318   Section        0  stm32f1xx_hal_msp.o(i.HAL_I2C_MspInit)
    i.HAL_IncTick                            0x08001378   Section        0  stm32f1xx_hal.o(i.HAL_IncTick)
    i.HAL_Init                               0x08001388   Section        0  stm32f1xx_hal.o(i.HAL_Init)
    i.HAL_InitTick                           0x080013ac   Section        0  stm32f1xx_hal.o(i.HAL_InitTick)
    i.HAL_MspInit                            0x080013ec   Section        0  stm32f1xx_hal_msp.o(i.HAL_MspInit)
    i.HAL_NVIC_EnableIRQ                     0x08001428   Section        0  stm32f1xx_hal_cortex.o(i.HAL_NVIC_EnableIRQ)
    i.HAL_NVIC_SetPriority                   0x08001444   Section        0  stm32f1xx_hal_cortex.o(i.HAL_NVIC_SetPriority)
    i.HAL_NVIC_SetPriorityGrouping           0x08001484   Section        0  stm32f1xx_hal_cortex.o(i.HAL_NVIC_SetPriorityGrouping)
    i.HAL_RCC_ClockConfig                    0x080014a8   Section        0  stm32f1xx_hal_rcc.o(i.HAL_RCC_ClockConfig)
    i.HAL_RCC_GetPCLK1Freq                   0x080015d4   Section        0  stm32f1xx_hal_rcc.o(i.HAL_RCC_GetPCLK1Freq)
    i.HAL_RCC_GetSysClockFreq                0x080015f4   Section        0  stm32f1xx_hal_rcc.o(i.HAL_RCC_GetSysClockFreq)
    i.HAL_RCC_OscConfig                      0x08001640   Section        0  stm32f1xx_hal_rcc.o(i.HAL_RCC_OscConfig)
    i.HAL_SPI_Init                           0x08001960   Section        0  stm32f1xx_hal_spi.o(i.HAL_SPI_Init)
    i.HAL_SPI_MspInit                        0x08001a14   Section        0  stm32f1xx_hal_msp.o(i.HAL_SPI_MspInit)
    i.HAL_SPI_TransmitReceive                0x08001a88   Section        0  stm32f1xx_hal_spi.o(i.HAL_SPI_TransmitReceive)
    i.HAL_SYSTICK_Config                     0x08001c78   Section        0  stm32f1xx_hal_cortex.o(i.HAL_SYSTICK_Config)
    i.HAL_TIMEx_MasterConfigSynchronization  0x08001ca0   Section        0  stm32f1xx_hal_tim_ex.o(i.HAL_TIMEx_MasterConfigSynchronization)
    i.HAL_TIM_Base_Init                      0x08001d08   Section        0  stm32f1xx_hal_tim.o(i.HAL_TIM_Base_Init)
    i.HAL_TIM_Base_MspInit                   0x08001d64   Section        0  stm32f1xx_hal_msp.o(i.HAL_TIM_Base_MspInit)
    i.HAL_TIM_ConfigClockSource              0x08001d8c   Section        0  stm32f1xx_hal_tim.o(i.HAL_TIM_ConfigClockSource)
    i.HAL_TIM_MspPostInit                    0x08001e68   Section        0  stm32f1xx_hal_msp.o(i.HAL_TIM_MspPostInit)
    i.HAL_TIM_PWM_ConfigChannel              0x08001eb4   Section        0  stm32f1xx_hal_tim.o(i.HAL_TIM_PWM_ConfigChannel)
    i.HAL_TIM_PWM_Init                       0x08001f80   Section        0  stm32f1xx_hal_tim.o(i.HAL_TIM_PWM_Init)
    i.HAL_TIM_PWM_MspInit                    0x08001fda   Section        0  stm32f1xx_hal_tim.o(i.HAL_TIM_PWM_MspInit)
    i.HAL_TIM_PWM_Start                      0x08001fdc   Section        0  stm32f1xx_hal_tim.o(i.HAL_TIM_PWM_Start)
    i.HardFault_Handler                      0x08002078   Section        0  stm32f1xx_it.o(i.HardFault_Handler)
    i.I2C_IsAcknowledgeFailed                0x0800207a   Section        0  stm32f1xx_hal_i2c.o(i.I2C_IsAcknowledgeFailed)
    I2C_IsAcknowledgeFailed                  0x0800207b   Thumb Code    46  stm32f1xx_hal_i2c.o(i.I2C_IsAcknowledgeFailed)
    i.I2C_MasterRequestWrite                 0x080020a8   Section        0  stm32f1xx_hal_i2c.o(i.I2C_MasterRequestWrite)
    I2C_MasterRequestWrite                   0x080020a9   Thumb Code   150  stm32f1xx_hal_i2c.o(i.I2C_MasterRequestWrite)
    i.I2C_WaitOnBTFFlagUntilTimeout          0x08002144   Section        0  stm32f1xx_hal_i2c.o(i.I2C_WaitOnBTFFlagUntilTimeout)
    I2C_WaitOnBTFFlagUntilTimeout            0x08002145   Thumb Code    86  stm32f1xx_hal_i2c.o(i.I2C_WaitOnBTFFlagUntilTimeout)
    i.I2C_WaitOnFlagUntilTimeout             0x0800219c   Section        0  stm32f1xx_hal_i2c.o(i.I2C_WaitOnFlagUntilTimeout)
    I2C_WaitOnFlagUntilTimeout               0x0800219d   Thumb Code   144  stm32f1xx_hal_i2c.o(i.I2C_WaitOnFlagUntilTimeout)
    i.I2C_WaitOnMasterAddressFlagUntilTimeout 0x0800222c   Section        0  stm32f1xx_hal_i2c.o(i.I2C_WaitOnMasterAddressFlagUntilTimeout)
    I2C_WaitOnMasterAddressFlagUntilTimeout  0x0800222d   Thumb Code   188  stm32f1xx_hal_i2c.o(i.I2C_WaitOnMasterAddressFlagUntilTimeout)
    i.I2C_WaitOnTXEFlagUntilTimeout          0x080022e8   Section        0  stm32f1xx_hal_i2c.o(i.I2C_WaitOnTXEFlagUntilTimeout)
    I2C_WaitOnTXEFlagUntilTimeout            0x080022e9   Thumb Code    86  stm32f1xx_hal_i2c.o(i.I2C_WaitOnTXEFlagUntilTimeout)
    i.LCD_CLEAR_SCREEN                       0x0800233e   Section        0  main.o(i.LCD_CLEAR_SCREEN)
    i.LCD_Init                               0x08002350   Section        0  main.o(i.LCD_Init)
    i.LCD_LOCATION                           0x08002380   Section        0  main.o(i.LCD_LOCATION)
    i.LCD_WRITE_NUMBER                       0x08002398   Section        0  main.o(i.LCD_WRITE_NUMBER)
    i.LCD_WRITE_STRING                       0x080023b0   Section        0  main.o(i.LCD_WRITE_STRING)
    i.MFRC522_Anticoll                       0x080023ce   Section        0  rc522.o(i.MFRC522_Anticoll)
    i.MFRC522_Init                           0x08002410   Section        0  rc522.o(i.MFRC522_Init)
    i.MFRC522_Request                        0x0800245c   Section        0  rc522.o(i.MFRC522_Request)
    i.MFRC522_Reset                          0x08002488   Section        0  rc522.o(i.MFRC522_Reset)
    i.MFRC522_ToCard                         0x08002490   Section        0  rc522.o(i.MFRC522_ToCard)
    i.MX_GPIO_Init                           0x08002598   Section        0  main.o(i.MX_GPIO_Init)
    MX_GPIO_Init                             0x08002599   Thumb Code   208  main.o(i.MX_GPIO_Init)
    i.MX_SPI2_Init                           0x0800267c   Section        0  main.o(i.MX_SPI2_Init)
    MX_SPI2_Init                             0x0800267d   Thumb Code    56  main.o(i.MX_SPI2_Init)
    i.MX_TIM3_Init                           0x080026bc   Section        0  main.o(i.MX_TIM3_Init)
    MX_TIM3_Init                             0x080026bd   Thumb Code   144  main.o(i.MX_TIM3_Init)
    i.MemManage_Handler                      0x08002754   Section        0  stm32f1xx_it.o(i.MemManage_Handler)
    i.NMI_Handler                            0x08002756   Section        0  stm32f1xx_it.o(i.NMI_Handler)
    i.PendSV_Handler                         0x08002758   Section        0  stm32f1xx_it.o(i.PendSV_Handler)
    i.RC522_SPI_Transfer                     0x0800275c   Section        0  rc522.o(i.RC522_SPI_Transfer)
    i.Read_MFRC522                           0x0800277c   Section        0  rc522.o(i.Read_MFRC522)
    i.SCAN                                   0x080027b8   Section        0  main.o(i.SCAN)
    i.SPI_EndRxTxTransaction                 0x080029b8   Section        0  stm32f1xx_hal_spi.o(i.SPI_EndRxTxTransaction)
    SPI_EndRxTxTransaction                   0x080029b9   Thumb Code    52  stm32f1xx_hal_spi.o(i.SPI_EndRxTxTransaction)
    i.SPI_WaitFlagStateUntilTimeout          0x080029ec   Section        0  stm32f1xx_hal_spi.o(i.SPI_WaitFlagStateUntilTimeout)
    SPI_WaitFlagStateUntilTimeout            0x080029ed   Thumb Code   180  stm32f1xx_hal_spi.o(i.SPI_WaitFlagStateUntilTimeout)
    i.SVC_Handler                            0x08002aa4   Section        0  stm32f1xx_it.o(i.SVC_Handler)
    i.SetBitMask                             0x08002aa6   Section        0  rc522.o(i.SetBitMask)
    i.SysTick_Handler                        0x08002abe   Section        0  stm32f1xx_it.o(i.SysTick_Handler)
    i.SystemClock_Config                     0x08002ac2   Section        0  main.o(i.SystemClock_Config)
    i.SystemInit                             0x08002b1c   Section        0  system_stm32f1xx.o(i.SystemInit)
    i.TIM_Base_SetConfig                     0x08002b20   Section        0  stm32f1xx_hal_tim.o(i.TIM_Base_SetConfig)
    i.TIM_CCxChannelCmd                      0x08002b98   Section        0  stm32f1xx_hal_tim.o(i.TIM_CCxChannelCmd)
    i.TIM_ETR_SetConfig                      0x08002bb2   Section        0  stm32f1xx_hal_tim.o(i.TIM_ETR_SetConfig)
    i.TIM_ITRx_SetConfig                     0x08002bc6   Section        0  stm32f1xx_hal_tim.o(i.TIM_ITRx_SetConfig)
    TIM_ITRx_SetConfig                       0x08002bc7   Thumb Code    16  stm32f1xx_hal_tim.o(i.TIM_ITRx_SetConfig)
    i.TIM_OC1_SetConfig                      0x08002bd8   Section        0  stm32f1xx_hal_tim.o(i.TIM_OC1_SetConfig)
    TIM_OC1_SetConfig                        0x08002bd9   Thumb Code    74  stm32f1xx_hal_tim.o(i.TIM_OC1_SetConfig)
    i.TIM_OC2_SetConfig                      0x08002c28   Section        0  stm32f1xx_hal_tim.o(i.TIM_OC2_SetConfig)
    i.TIM_OC3_SetConfig                      0x08002c80   Section        0  stm32f1xx_hal_tim.o(i.TIM_OC3_SetConfig)
    TIM_OC3_SetConfig                        0x08002c81   Thumb Code    82  stm32f1xx_hal_tim.o(i.TIM_OC3_SetConfig)
    i.TIM_OC4_SetConfig                      0x08002cd8   Section        0  stm32f1xx_hal_tim.o(i.TIM_OC4_SetConfig)
    TIM_OC4_SetConfig                        0x08002cd9   Thumb Code    64  stm32f1xx_hal_tim.o(i.TIM_OC4_SetConfig)
    i.TIM_TI1_ConfigInputStage               0x08002d1c   Section        0  stm32f1xx_hal_tim.o(i.TIM_TI1_ConfigInputStage)
    TIM_TI1_ConfigInputStage                 0x08002d1d   Thumb Code    34  stm32f1xx_hal_tim.o(i.TIM_TI1_ConfigInputStage)
    i.TIM_TI2_ConfigInputStage               0x08002d3e   Section        0  stm32f1xx_hal_tim.o(i.TIM_TI2_ConfigInputStage)
    TIM_TI2_ConfigInputStage                 0x08002d3f   Thumb Code    36  stm32f1xx_hal_tim.o(i.TIM_TI2_ConfigInputStage)
    i.UsageFault_Handler                     0x08002d62   Section        0  stm32f1xx_it.o(i.UsageFault_Handler)
    i.Write_MFRC522                          0x08002d64   Section        0  rc522.o(i.Write_MFRC522)
    i.__NVIC_SetPriority                     0x08002da0   Section        0  stm32f1xx_hal_cortex.o(i.__NVIC_SetPriority)
    __NVIC_SetPriority                       0x08002da1   Thumb Code    32  stm32f1xx_hal_cortex.o(i.__NVIC_SetPriority)
    i.data_run                               0x08002dc0   Section        0  main.o(i.data_run)
    i.main                                   0x08002e28   Section        0  main.o(i.main)
    i.pass_array                             0x080037a4   Section        0  main.o(i.pass_array)
    i.send_command                           0x08003ac4   Section        0  main.o(i.send_command)
    i.send_data                              0x08003b08   Section        0  main.o(i.send_data)
    .constdata                               0x08003b50   Section       18  stm32f1xx_hal_rcc.o(.constdata)
    aPredivFactorTable                       0x08003b50   Data           2  stm32f1xx_hal_rcc.o(.constdata)
    aPLLMULFactorTable                       0x08003b52   Data          16  stm32f1xx_hal_rcc.o(.constdata)
    .constdata                               0x08003b62   Section       16  system_stm32f1xx.o(.constdata)
    .constdata                               0x08003b72   Section        8  system_stm32f1xx.o(.constdata)
    .data                                    0x20000000   Section       38  main.o(.data)
    master_add                               0x20000004   Data           5  main.o(.data)
    master_delete                            0x20000009   Data           5  main.o(.data)
    .data                                    0x20000028   Section       12  stm32f1xx_hal.o(.data)
    .data                                    0x20000034   Section        4  system_stm32f1xx.o(.data)
    .bss                                     0x20000038   Section      260  main.o(.bss)
    .bss                                     0x20000140   Section       32  stm32f1xx_hal_flash.o(.bss)
    .bss                                     0x20000160   Section       96  libspace.o(.bss)
    HEAP                                     0x200001c0   Section      512  startup_stm32f103xb.o(HEAP)
    Heap_Mem                                 0x200001c0   Data         512  startup_stm32f103xb.o(HEAP)
    STACK                                    0x200003c0   Section     1024  startup_stm32f103xb.o(STACK)
    Stack_Mem                                0x200003c0   Data        1024  startup_stm32f103xb.o(STACK)
    __initial_sp                             0x200007c0   Data           0  startup_stm32f103xb.o(STACK)

    Global Symbols

    Symbol Name                              Value     Ov Type        Size  Object(Section)

    BuildAttributes$$THM_ISAv4$P$D$K$B$S$PE$A:L22UL41UL21$X:L11$S22US41US21$IEEE1$IW$USESV6$~STKCKD$USESV7$~SHL$OTIME$ROPI$EBA8$UX$STANDARDLIB$REQ8$PRES8$EABIv2 0x00000000   Number         0  anon$$obj.o ABSOLUTE
    __ARM_use_no_argv                        0x00000000   Number         0  main.o ABSOLUTE
    __ARM_exceptions_init                     - Undefined Weak Reference
    __alloca_initialize                       - Undefined Weak Reference
    __arm_preinit_                            - Undefined Weak Reference
    __cpp_initialize__aeabi_                  - Undefined Weak Reference
    __cxa_finalize                            - Undefined Weak Reference
    __rt_locale                               - Undefined Weak Reference
    __sigvec_lookup                           - Undefined Weak Reference
    __user_heap_extent                        - Undefined Weak Reference
    _atexit_init                              - Undefined Weak Reference
    _call_atexit_fns                          - Undefined Weak Reference
    _clock_init                               - Undefined Weak Reference
    _fp_trap_init                             - Undefined Weak Reference
    _fp_trap_shutdown                         - Undefined Weak Reference
    _get_lc_collate                           - Undefined Weak Reference
    _get_lc_ctype                             - Undefined Weak Reference
    _get_lc_monetary                          - Undefined Weak Reference
    _get_lc_numeric                           - Undefined Weak Reference
    _get_lc_time                              - Undefined Weak Reference
    _getenv_init                              - Undefined Weak Reference
    _handle_redirection                       - Undefined Weak Reference
    _initio                                   - Undefined Weak Reference
    _mutex_acquire                            - Undefined Weak Reference
    _mutex_free                               - Undefined Weak Reference
    _mutex_release                            - Undefined Weak Reference
    _printf_post_padding                      - Undefined Weak Reference
    _printf_pre_padding                       - Undefined Weak Reference
    _printf_truncate_signed                   - Undefined Weak Reference
    _printf_truncate_unsigned                 - Undefined Weak Reference
    _rand_init                                - Undefined Weak Reference
    _signal_finish                            - Undefined Weak Reference
    _signal_init                              - Undefined Weak Reference
    _terminateio                              - Undefined Weak Reference
    __Vectors_Size                           0x000000ec   Number         0  startup_stm32f103xb.o ABSOLUTE
    __Vectors                                0x08000000   Data           4  startup_stm32f103xb.o(RESET)
    __Vectors_End                            0x080000ec   Data           0  startup_stm32f103xb.o(RESET)
    __main                                   0x080000ed   Thumb Code     8  __main.o(!!!main)
    __scatterload                            0x080000f5   Thumb Code     0  __scatter.o(!!!scatter)
    __scatterload_rt2                        0x080000f5   Thumb Code    44  __scatter.o(!!!scatter)
    __scatterload_rt2_thumb_only             0x080000f5   Thumb Code     0  __scatter.o(!!!scatter)
    __scatterload_null                       0x08000103   Thumb Code     0  __scatter.o(!!!scatter)
    __scatterload_copy                       0x08000129   Thumb Code    26  __scatter_copy.o(!!handler_copy)
    __scatterload_zeroinit                   0x08000145   Thumb Code    28  __scatter_zi.o(!!handler_zi)
    _printf_d                                0x08000161   Thumb Code     0  _printf_d.o(.ARM.Collect$$_printf_percent$$00000009)
    _printf_percent                          0x08000161   Thumb Code     0  _printf_percent.o(.ARM.Collect$$_printf_percent$$00000000)
    _printf_percent_end                      0x08000167   Thumb Code     0  _printf_percent_end.o(.ARM.Collect$$_printf_percent$$00000017)
    __rt_lib_init                            0x0800016b   Thumb Code     0  libinit.o(.ARM.Collect$$libinit$$00000000)
    __rt_lib_init_fp_1                       0x0800016d   Thumb Code     0  libinit2.o(.ARM.Collect$$libinit$$00000002)
    __rt_lib_init_heap_2                     0x0800016d   Thumb Code     0  libinit2.o(.ARM.Collect$$libinit$$00000005)
    __rt_lib_init_preinit_1                  0x0800016d   Thumb Code     0  libinit2.o(.ARM.Collect$$libinit$$00000004)
    __rt_lib_init_alloca_1                   0x08000175   Thumb Code     0  libinit2.o(.ARM.Collect$$libinit$$0000002E)
    __rt_lib_init_argv_1                     0x08000175   Thumb Code     0  libinit2.o(.ARM.Collect$$libinit$$0000002C)
    __rt_lib_init_atexit_1                   0x08000175   Thumb Code     0  libinit2.o(.ARM.Collect$$libinit$$0000001B)
    __rt_lib_init_clock_1                    0x08000175   Thumb Code     0  libinit2.o(.ARM.Collect$$libinit$$00000021)
    __rt_lib_init_cpp_1                      0x08000175   Thumb Code     0  libinit2.o(.ARM.Collect$$libinit$$00000032)
    __rt_lib_init_exceptions_1               0x08000175   Thumb Code     0  libinit2.o(.ARM.Collect$$libinit$$00000030)
    __rt_lib_init_fp_trap_1                  0x08000175   Thumb Code     0  libinit2.o(.ARM.Collect$$libinit$$0000001F)
    __rt_lib_init_getenv_1                   0x08000175   Thumb Code     0  libinit2.o(.ARM.Collect$$libinit$$00000023)
    __rt_lib_init_heap_1                     0x08000175   Thumb Code     0  libinit2.o(.ARM.Collect$$libinit$$0000000A)
    __rt_lib_init_lc_collate_1               0x08000175   Thumb Code     0  libinit2.o(.ARM.Collect$$libinit$$00000011)
    __rt_lib_init_lc_ctype_1                 0x08000175   Thumb Code     0  libinit2.o(.ARM.Collect$$libinit$$00000013)
    __rt_lib_init_lc_monetary_1              0x08000175   Thumb Code     0  libinit2.o(.ARM.Collect$$libinit$$00000015)
    __rt_lib_init_lc_numeric_1               0x08000175   Thumb Code     0  libinit2.o(.ARM.Collect$$libinit$$00000017)
    __rt_lib_init_lc_time_1                  0x08000175   Thumb Code     0  libinit2.o(.ARM.Collect$$libinit$$00000019)
    __rt_lib_init_rand_1                     0x08000175   Thumb Code     0  libinit2.o(.ARM.Collect$$libinit$$0000000E)
    __rt_lib_init_return                     0x08000175   Thumb Code     0  libinit2.o(.ARM.Collect$$libinit$$00000033)
    __rt_lib_init_signal_1                   0x08000175   Thumb Code     0  libinit2.o(.ARM.Collect$$libinit$$0000001D)
    __rt_lib_init_stdio_1                    0x08000175   Thumb Code     0  libinit2.o(.ARM.Collect$$libinit$$00000025)
    __rt_lib_init_user_alloc_1               0x08000175   Thumb Code     0  libinit2.o(.ARM.Collect$$libinit$$0000000C)
    __rt_lib_shutdown                        0x08000177   Thumb Code     0  libshutdown.o(.ARM.Collect$$libshutdown$$00000000)
    __rt_lib_shutdown_cpp_1                  0x08000179   Thumb Code     0  libshutdown2.o(.ARM.Collect$$libshutdown$$00000002)
    __rt_lib_shutdown_fp_trap_1              0x08000179   Thumb Code     0  libshutdown2.o(.ARM.Collect$$libshutdown$$00000007)
    __rt_lib_shutdown_heap_1                 0x08000179   Thumb Code     0  libshutdown2.o(.ARM.Collect$$libshutdown$$0000000F)
    __rt_lib_shutdown_return                 0x08000179   Thumb Code     0  libshutdown2.o(.ARM.Collect$$libshutdown$$00000010)
    __rt_lib_shutdown_signal_1               0x08000179   Thumb Code     0  libshutdown2.o(.ARM.Collect$$libshutdown$$0000000A)
    __rt_lib_shutdown_stdio_1                0x08000179   Thumb Code     0  libshutdown2.o(.ARM.Collect$$libshutdown$$00000004)
    __rt_lib_shutdown_user_alloc_1           0x08000179   Thumb Code     0  libshutdown2.o(.ARM.Collect$$libshutdown$$0000000C)
    __rt_entry                               0x0800017b   Thumb Code     0  __rtentry.o(.ARM.Collect$$rtentry$$00000000)
    __rt_entry_presh_1                       0x0800017b   Thumb Code     0  __rtentry2.o(.ARM.Collect$$rtentry$$00000002)
    __rt_entry_sh                            0x0800017b   Thumb Code     0  __rtentry4.o(.ARM.Collect$$rtentry$$00000004)
    __rt_entry_li                            0x08000181   Thumb Code     0  __rtentry2.o(.ARM.Collect$$rtentry$$0000000A)
    __rt_entry_postsh_1                      0x08000181   Thumb Code     0  __rtentry2.o(.ARM.Collect$$rtentry$$00000009)
    __rt_entry_main                          0x08000185   Thumb Code     0  __rtentry2.o(.ARM.Collect$$rtentry$$0000000D)
    __rt_entry_postli_1                      0x08000185   Thumb Code     0  __rtentry2.o(.ARM.Collect$$rtentry$$0000000C)
    __rt_exit                                0x0800018d   Thumb Code     0  rtexit.o(.ARM.Collect$$rtexit$$00000000)
    __rt_exit_ls                             0x0800018f   Thumb Code     0  rtexit2.o(.ARM.Collect$$rtexit$$00000003)
    __rt_exit_prels_1                        0x0800018f   Thumb Code     0  rtexit2.o(.ARM.Collect$$rtexit$$00000002)
    __rt_exit_exit                           0x08000193   Thumb Code     0  rtexit2.o(.ARM.Collect$$rtexit$$00000004)
    Reset_Handler                            0x08000199   Thumb Code     8  startup_stm32f103xb.o(.text)
    _maybe_terminate_alloc                   0x08000199   Thumb Code     0  maybetermalloc1.o(.emb_text)
    ADC1_2_IRQHandler                        0x080001b3   Thumb Code     0  startup_stm32f103xb.o(.text)
    CAN1_RX1_IRQHandler                      0x080001b3   Thumb Code     0  startup_stm32f103xb.o(.text)
    CAN1_SCE_IRQHandler                      0x080001b3   Thumb Code     0  startup_stm32f103xb.o(.text)
    DMA1_Channel1_IRQHandler                 0x080001b3   Thumb Code     0  startup_stm32f103xb.o(.text)
    DMA1_Channel2_IRQHandler                 0x080001b3   Thumb Code     0  startup_stm32f103xb.o(.text)
    DMA1_Channel3_IRQHandler                 0x080001b3   Thumb Code     0  startup_stm32f103xb.o(.text)
    DMA1_Channel4_IRQHandler                 0x080001b3   Thumb Code     0  startup_stm32f103xb.o(.text)
    DMA1_Channel5_IRQHandler                 0x080001b3   Thumb Code     0  startup_stm32f103xb.o(.text)
    DMA1_Channel6_IRQHandler                 0x080001b3   Thumb Code     0  startup_stm32f103xb.o(.text)
    DMA1_Channel7_IRQHandler                 0x080001b3   Thumb Code     0  startup_stm32f103xb.o(.text)
    EXTI0_IRQHandler                         0x080001b3   Thumb Code     0  startup_stm32f103xb.o(.text)
    EXTI1_IRQHandler                         0x080001b3   Thumb Code     0  startup_stm32f103xb.o(.text)
    EXTI2_IRQHandler                         0x080001b3   Thumb Code     0  startup_stm32f103xb.o(.text)
    EXTI3_IRQHandler                         0x080001b3   Thumb Code     0  startup_stm32f103xb.o(.text)
    EXTI4_IRQHandler                         0x080001b3   Thumb Code     0  startup_stm32f103xb.o(.text)
    EXTI9_5_IRQHandler                       0x080001b3   Thumb Code     0  startup_stm32f103xb.o(.text)
    FLASH_IRQHandler                         0x080001b3   Thumb Code     0  startup_stm32f103xb.o(.text)
    I2C1_ER_IRQHandler                       0x080001b3   Thumb Code     0  startup_stm32f103xb.o(.text)
    I2C1_EV_IRQHandler                       0x080001b3   Thumb Code     0  startup_stm32f103xb.o(.text)
    I2C2_ER_IRQHandler                       0x080001b3   Thumb Code     0  startup_stm32f103xb.o(.text)
    I2C2_EV_IRQHandler                       0x080001b3   Thumb Code     0  startup_stm32f103xb.o(.text)
    PVD_IRQHandler                           0x080001b3   Thumb Code     0  startup_stm32f103xb.o(.text)
    RCC_IRQHandler                           0x080001b3   Thumb Code     0  startup_stm32f103xb.o(.text)
    RTC_Alarm_IRQHandler                     0x080001b3   Thumb Code     0  startup_stm32f103xb.o(.text)
    RTC_IRQHandler                           0x080001b3   Thumb Code     0  startup_stm32f103xb.o(.text)
    SPI1_IRQHandler                          0x080001b3   Thumb Code     0  startup_stm32f103xb.o(.text)
    SPI2_IRQHandler                          0x080001b3   Thumb Code     0  startup_stm32f103xb.o(.text)
    TAMPER_IRQHandler                        0x080001b3   Thumb Code     0  startup_stm32f103xb.o(.text)
    TIM1_BRK_IRQHandler                      0x080001b3   Thumb Code     0  startup_stm32f103xb.o(.text)
    TIM1_CC_IRQHandler                       0x080001b3   Thumb Code     0  startup_stm32f103xb.o(.text)
    TIM1_TRG_COM_IRQHandler                  0x080001b3   Thumb Code     0  startup_stm32f103xb.o(.text)
    TIM1_UP_IRQHandler                       0x080001b3   Thumb Code     0  startup_stm32f103xb.o(.text)
    TIM2_IRQHandler                          0x080001b3   Thumb Code     0  startup_stm32f103xb.o(.text)
    TIM3_IRQHandler                          0x080001b3   Thumb Code     0  startup_stm32f103xb.o(.text)
    TIM4_IRQHandler                          0x080001b3   Thumb Code     0  startup_stm32f103xb.o(.text)
    USART1_IRQHandler                        0x080001b3   Thumb Code     0  startup_stm32f103xb.o(.text)
    USART2_IRQHandler                        0x080001b3   Thumb Code     0  startup_stm32f103xb.o(.text)
    USART3_IRQHandler                        0x080001b3   Thumb Code     0  startup_stm32f103xb.o(.text)
    USBWakeUp_IRQHandler                     0x080001b3   Thumb Code     0  startup_stm32f103xb.o(.text)
    USB_HP_CAN1_TX_IRQHandler                0x080001b3   Thumb Code     0  startup_stm32f103xb.o(.text)
    USB_LP_CAN1_RX0_IRQHandler               0x080001b3   Thumb Code     0  startup_stm32f103xb.o(.text)
    WWDG_IRQHandler                          0x080001b3   Thumb Code     0  startup_stm32f103xb.o(.text)
    __user_initial_stackheap                 0x080001b5   Thumb Code     0  startup_stm32f103xb.o(.text)
    malloc                                   0x080001d9   Thumb Code    94  h1_alloc.o(.text)
    free                                     0x08000237   Thumb Code    78  h1_free.o(.text)
    __aeabi_llsr                             0x08000285   Thumb Code     0  llushr.o(.text)
    _ll_ushift_r                             0x08000285   Thumb Code    38  llushr.o(.text)
    __2sprintf                               0x080002ad   Thumb Code    34  noretval__2sprintf.o(.text)
    __printf                                 0x080002d5   Thumb Code   104  __printf.o(.text)
    _printf_int_dec                          0x0800033d   Thumb Code   104  _printf_dec.o(.text)
    strcpy                                   0x080003b5   Thumb Code    72  strcpy.o(.text)
    strlen                                   0x080003fd   Thumb Code    62  strlen.o(.text)
    __aeabi_memclr4                          0x0800043b   Thumb Code     0  rt_memclr_w.o(.text)
    __aeabi_memclr8                          0x0800043b   Thumb Code     0  rt_memclr_w.o(.text)
    __rt_memclr_w                            0x0800043b   Thumb Code    78  rt_memclr_w.o(.text)
    _memset_w                                0x0800043f   Thumb Code     0  rt_memclr_w.o(.text)
    __use_two_region_memory                  0x08000489   Thumb Code     2  heapauxi.o(.text)
    __rt_heap_escrow                         0x0800048b   Thumb Code     2  heapauxi.o(.text)
    __rt_heap_expand                         0x0800048d   Thumb Code     2  heapauxi.o(.text)
    __rt_heap_descriptor                     0x08000491   Thumb Code     8  rt_heap_descriptor_intlibspace.o(.text)
    __use_no_heap                            0x08000499   Thumb Code     2  hguard.o(.text)
    __heap$guard                             0x0800049b   Thumb Code     2  hguard.o(.text)
    _terminate_user_alloc                    0x0800049d   Thumb Code     2  init_alloc.o(.text)
    _init_user_alloc                         0x0800049f   Thumb Code     2  init_alloc.o(.text)
    __Heap_Full                              0x080004a1   Thumb Code    34  init_alloc.o(.text)
    __Heap_Broken                            0x080004c3   Thumb Code     6  init_alloc.o(.text)
    _init_alloc                              0x080004c9   Thumb Code    94  init_alloc.o(.text)
    __Heap_Initialize                        0x08000527   Thumb Code    10  h1_init.o(.text)
    __Heap_DescSize                          0x08000531   Thumb Code     4  h1_init.o(.text)
    _printf_int_common                       0x08000535   Thumb Code   178  _printf_intcommon.o(.text)
    _printf_char_common                      0x080005f3   Thumb Code    32  _printf_char_common.o(.text)
    _sputc                                   0x08000619   Thumb Code    10  _sputc.o(.text)
    __user_libspace                          0x08000625   Thumb Code     8  libspace.o(.text)
    __user_perproc_libspace                  0x08000625   Thumb Code     0  libspace.o(.text)
    __user_perthread_libspace                0x08000625   Thumb Code     0  libspace.o(.text)
    __Heap_ProvideMemory                     0x0800062d   Thumb Code    52  h1_extend.o(.text)
    __rt_SIGRTMEM                            0x08000661   Thumb Code    14  defsig_rtmem_outer.o(.text)
    __I$use$semihosting                      0x0800066f   Thumb Code     0  use_no_semi.o(.text)
    __use_no_semihosting_swi                 0x0800066f   Thumb Code     2  use_no_semi.o(.text)
    __semihosting_library_function           0x08000671   Thumb Code     0  indicate_semi.o(.text)
    __user_setup_stackheap                   0x08000671   Thumb Code    74  sys_stackheap_outer.o(.text)
    exit                                     0x080006bb   Thumb Code    18  exit.o(.text)
    __sig_exit                               0x080006cd   Thumb Code    10  defsig_exit.o(.text)
    __rt_SIGRTMEM_inner                      0x080006d9   Thumb Code    22  defsig_rtmem_inner.o(.text)
    _sys_exit                                0x08000729   Thumb Code     8  sys_exit.o(.text)
    __default_signal_display                 0x08000735   Thumb Code    50  defsig_general.o(.text)
    _ttywrch                                 0x08000767   Thumb Code    14  sys_wrch.o(.text)
    AntennaOn                                0x08000775   Thumb Code    20  rc522.o(i.AntennaOn)
    BusFault_Handler                         0x08000789   Thumb Code     2  stm32f1xx_it.o(i.BusFault_Handler)
    CHANGE_PASS                              0x0800078d   Thumb Code   644  main.o(i.CHANGE_PASS)
    CHECK_ARRAY                              0x08000ad1   Thumb Code    30  main.o(i.CHECK_ARRAY)
    ClearBitMask                             0x08000aef   Thumb Code    24  rc522.o(i.ClearBitMask)
    DebugMon_Handler                         0x08000b07   Thumb Code     2  stm32f1xx_it.o(i.DebugMon_Handler)
    EXTI15_10_IRQHandler                     0x08000b09   Thumb Code     8  stm32f1xx_it.o(i.EXTI15_10_IRQHandler)
    FLASH_PageErase                          0x08000b35   Thumb Code    28  stm32f1xx_hal_flash_ex.o(i.FLASH_PageErase)
    FLASH_WaitForLastOperation               0x08000bd1   Thumb Code    80  stm32f1xx_hal_flash.o(i.FLASH_WaitForLastOperation)
    Flash_Erase                              0x08000c25   Thumb Code    38  flash.o(i.Flash_Erase)
    Flash_Read_Array                         0x08000c4b   Thumb Code    28  flash.o(i.Flash_Read_Array)
    Flash_Read_uint                          0x08000c67   Thumb Code     6  flash.o(i.Flash_Read_uint)
    Flash_Write_Array                        0x08000c6d   Thumb Code    54  flash.o(i.Flash_Write_Array)
    Flash_Write_uint                         0x08000ca3   Thumb Code    30  flash.o(i.Flash_Write_uint)
    HAL_Delay                                0x08000cc1   Thumb Code    32  stm32f1xx_hal.o(i.HAL_Delay)
    HAL_FLASHEx_Erase                        0x08000ce5   Thumb Code   160  stm32f1xx_hal_flash_ex.o(i.HAL_FLASHEx_Erase)
    HAL_FLASH_Lock                           0x08000d8d   Thumb Code    14  stm32f1xx_hal_flash.o(i.HAL_FLASH_Lock)
    HAL_FLASH_Program                        0x08000da1   Thumb Code   120  stm32f1xx_hal_flash.o(i.HAL_FLASH_Program)
    HAL_FLASH_Unlock                         0x08000e21   Thumb Code    28  stm32f1xx_hal_flash.o(i.HAL_FLASH_Unlock)
    HAL_GPIO_EXTI_Callback                   0x08000e49   Thumb Code     2  stm32f1xx_hal_gpio.o(i.HAL_GPIO_EXTI_Callback)
    HAL_GPIO_EXTI_IRQHandler                 0x08000e4d   Thumb Code    18  stm32f1xx_hal_gpio.o(i.HAL_GPIO_EXTI_IRQHandler)
    HAL_GPIO_Init                            0x08000e65   Thumb Code   446  stm32f1xx_hal_gpio.o(i.HAL_GPIO_Init)
    HAL_GPIO_ReadPin                         0x08001045   Thumb Code    10  stm32f1xx_hal_gpio.o(i.HAL_GPIO_ReadPin)
    HAL_GPIO_WritePin                        0x0800104f   Thumb Code    10  stm32f1xx_hal_gpio.o(i.HAL_GPIO_WritePin)
    HAL_GetTick                              0x08001059   Thumb Code     6  stm32f1xx_hal.o(i.HAL_GetTick)
    HAL_I2C_Init                             0x08001065   Thumb Code   376  stm32f1xx_hal_i2c.o(i.HAL_I2C_Init)
    HAL_I2C_Master_Transmit                  0x080011ed   Thumb Code   290  stm32f1xx_hal_i2c.o(i.HAL_I2C_Master_Transmit)
    HAL_I2C_MspInit                          0x08001319   Thumb Code    82  stm32f1xx_hal_msp.o(i.HAL_I2C_MspInit)
    HAL_IncTick                              0x08001379   Thumb Code    12  stm32f1xx_hal.o(i.HAL_IncTick)
    HAL_Init                                 0x08001389   Thumb Code    32  stm32f1xx_hal.o(i.HAL_Init)
    HAL_InitTick                             0x080013ad   Thumb Code    54  stm32f1xx_hal.o(i.HAL_InitTick)
    HAL_MspInit                              0x080013ed   Thumb Code    52  stm32f1xx_hal_msp.o(i.HAL_MspInit)
    HAL_NVIC_EnableIRQ                       0x08001429   Thumb Code    26  stm32f1xx_hal_cortex.o(i.HAL_NVIC_EnableIRQ)
    HAL_NVIC_SetPriority                     0x08001445   Thumb Code    60  stm32f1xx_hal_cortex.o(i.HAL_NVIC_SetPriority)
    HAL_NVIC_SetPriorityGrouping             0x08001485   Thumb Code    26  stm32f1xx_hal_cortex.o(i.HAL_NVIC_SetPriorityGrouping)
    HAL_RCC_ClockConfig                      0x080014a9   Thumb Code   280  stm32f1xx_hal_rcc.o(i.HAL_RCC_ClockConfig)
    HAL_RCC_GetPCLK1Freq                     0x080015d5   Thumb Code    20  stm32f1xx_hal_rcc.o(i.HAL_RCC_GetPCLK1Freq)
    HAL_RCC_GetSysClockFreq                  0x080015f5   Thumb Code    58  stm32f1xx_hal_rcc.o(i.HAL_RCC_GetSysClockFreq)
    HAL_RCC_OscConfig                        0x08001641   Thumb Code   778  stm32f1xx_hal_rcc.o(i.HAL_RCC_OscConfig)
    HAL_SPI_Init                             0x08001961   Thumb Code   178  stm32f1xx_hal_spi.o(i.HAL_SPI_Init)
    HAL_SPI_MspInit                          0x08001a15   Thumb Code   102  stm32f1xx_hal_msp.o(i.HAL_SPI_MspInit)
    HAL_SPI_TransmitReceive                  0x08001a89   Thumb Code   496  stm32f1xx_hal_spi.o(i.HAL_SPI_TransmitReceive)
    HAL_SYSTICK_Config                       0x08001c79   Thumb Code    40  stm32f1xx_hal_cortex.o(i.HAL_SYSTICK_Config)
    HAL_TIMEx_MasterConfigSynchronization    0x08001ca1   Thumb Code    92  stm32f1xx_hal_tim_ex.o(i.HAL_TIMEx_MasterConfigSynchronization)
    HAL_TIM_Base_Init                        0x08001d09   Thumb Code    90  stm32f1xx_hal_tim.o(i.HAL_TIM_Base_Init)
    HAL_TIM_Base_MspInit                     0x08001d65   Thumb Code    30  stm32f1xx_hal_msp.o(i.HAL_TIM_Base_MspInit)
    HAL_TIM_ConfigClockSource                0x08001d8d   Thumb Code   220  stm32f1xx_hal_tim.o(i.HAL_TIM_ConfigClockSource)
    HAL_TIM_MspPostInit                      0x08001e69   Thumb Code    62  stm32f1xx_hal_msp.o(i.HAL_TIM_MspPostInit)
    HAL_TIM_PWM_ConfigChannel                0x08001eb5   Thumb Code   204  stm32f1xx_hal_tim.o(i.HAL_TIM_PWM_ConfigChannel)
    HAL_TIM_PWM_Init                         0x08001f81   Thumb Code    90  stm32f1xx_hal_tim.o(i.HAL_TIM_PWM_Init)
    HAL_TIM_PWM_MspInit                      0x08001fdb   Thumb Code     2  stm32f1xx_hal_tim.o(i.HAL_TIM_PWM_MspInit)
    HAL_TIM_PWM_Start                        0x08001fdd   Thumb Code   144  stm32f1xx_hal_tim.o(i.HAL_TIM_PWM_Start)
    HardFault_Handler                        0x08002079   Thumb Code     2  stm32f1xx_it.o(i.HardFault_Handler)
    LCD_CLEAR_SCREEN                         0x0800233f   Thumb Code    18  main.o(i.LCD_CLEAR_SCREEN)
    LCD_Init                                 0x08002351   Thumb Code    48  main.o(i.LCD_Init)
    LCD_LOCATION                             0x08002381   Thumb Code    22  main.o(i.LCD_LOCATION)
    LCD_WRITE_NUMBER                         0x08002399   Thumb Code    20  main.o(i.LCD_WRITE_NUMBER)
    LCD_WRITE_STRING                         0x080023b1   Thumb Code    30  main.o(i.LCD_WRITE_STRING)
    MFRC522_Anticoll                         0x080023cf   Thumb Code    66  rc522.o(i.MFRC522_Anticoll)
    MFRC522_Init                             0x08002411   Thumb Code    72  rc522.o(i.MFRC522_Init)
    MFRC522_Request                          0x0800245d   Thumb Code    44  rc522.o(i.MFRC522_Request)
    MFRC522_Reset                            0x08002489   Thumb Code     8  rc522.o(i.MFRC522_Reset)
    MFRC522_ToCard                           0x08002491   Thumb Code   262  rc522.o(i.MFRC522_ToCard)
    MemManage_Handler                        0x08002755   Thumb Code     2  stm32f1xx_it.o(i.MemManage_Handler)
    NMI_Handler                              0x08002757   Thumb Code     2  stm32f1xx_it.o(i.NMI_Handler)
    PendSV_Handler                           0x08002759   Thumb Code     2  stm32f1xx_it.o(i.PendSV_Handler)
    RC522_SPI_Transfer                       0x0800275d   Thumb Code    26  rc522.o(i.RC522_SPI_Transfer)
    Read_MFRC522                             0x0800277d   Thumb Code    56  rc522.o(i.Read_MFRC522)
    SCAN                                     0x080027b9   Thumb Code   508  main.o(i.SCAN)
    SVC_Handler                              0x08002aa5   Thumb Code     2  stm32f1xx_it.o(i.SVC_Handler)
    SetBitMask                               0x08002aa7   Thumb Code    24  rc522.o(i.SetBitMask)
    SysTick_Handler                          0x08002abf   Thumb Code     4  stm32f1xx_it.o(i.SysTick_Handler)
    SystemClock_Config                       0x08002ac3   Thumb Code    90  main.o(i.SystemClock_Config)
    SystemInit                               0x08002b1d   Thumb Code     2  system_stm32f1xx.o(i.SystemInit)
    TIM_Base_SetConfig                       0x08002b21   Thumb Code   108  stm32f1xx_hal_tim.o(i.TIM_Base_SetConfig)
    TIM_CCxChannelCmd                        0x08002b99   Thumb Code    26  stm32f1xx_hal_tim.o(i.TIM_CCxChannelCmd)
    TIM_ETR_SetConfig                        0x08002bb3   Thumb Code    20  stm32f1xx_hal_tim.o(i.TIM_ETR_SetConfig)
    TIM_OC2_SetConfig                        0x08002c29   Thumb Code    84  stm32f1xx_hal_tim.o(i.TIM_OC2_SetConfig)
    UsageFault_Handler                       0x08002d63   Thumb Code     2  stm32f1xx_it.o(i.UsageFault_Handler)
    Write_MFRC522                            0x08002d65   Thumb Code    54  rc522.o(i.Write_MFRC522)
    data_run                                 0x08002dc1   Thumb Code   102  main.o(i.data_run)
    main                                     0x08002e29   Thumb Code  2428  main.o(i.main)
    pass_array                               0x080037a5   Thumb Code   790  main.o(i.pass_array)
    send_command                             0x08003ac5   Thumb Code    64  main.o(i.send_command)
    send_data                                0x08003b09   Thumb Code    66  main.o(i.send_data)
    AHBPrescTable                            0x08003b62   Data          16  system_stm32f1xx.o(.constdata)
    APBPrescTable                            0x08003b72   Data           8  system_stm32f1xx.o(.constdata)
    Region$$Table$$Base                      0x08003b7c   Number         0  anon$$obj.o(Region$$Table)
    Region$$Table$$Limit                     0x08003b9c   Number         0  anon$$obj.o(Region$$Table)
    count                                    0x20000000   Data           4  main.o(.data)
    c                                        0x2000000e   Data           6  main.o(.data)
    A                                        0x20000014   Data           6  main.o(.data)
    d                                        0x2000001a   Data           6  main.o(.data)
    Check                                    0x20000020   Data           6  main.o(.data)
    uwTickFreq                               0x20000028   Data           1  stm32f1xx_hal.o(.data)
    uwTickPrio                               0x2000002c   Data           4  stm32f1xx_hal.o(.data)
    uwTick                                   0x20000030   Data           4  stm32f1xx_hal.o(.data)
    SystemCoreClock                          0x20000034   Data           4  system_stm32f1xx.o(.data)
    hi2c2                                    0x20000038   Data          84  main.o(.bss)
    hspi2                                    0x2000008c   Data          88  main.o(.bss)
    htim3                                    0x200000e4   Data          72  main.o(.bss)
    str                                      0x2000012c   Data          16  main.o(.bss)
    pFlash                                   0x20000140   Data          32  stm32f1xx_hal_flash.o(.bss)
    __libspace_start                         0x20000160   Data          96  libspace.o(.bss)
    __temporary_stack_top$libspace           0x200001c0   Data           0  libspace.o(.bss)



==============================================================================

Memory Map of the image

  Image Entry point : 0x080000ed

  Load Region LR_IROM1 (Base: 0x08000000, Size: 0x00003bd4, Max: 0x00010000, ABSOLUTE)

    Execution Region ER_IROM1 (Exec base: 0x08000000, Load base: 0x08000000, Size: 0x00003b9c, Max: 0x00010000, ABSOLUTE)

    Exec Addr    Load Addr    Size         Type   Attr      Idx    E Section Name        Object

    0x08000000   0x08000000   0x000000ec   Data   RO            3    RESET               startup_stm32f103xb.o
    0x080000ec   0x080000ec   0x00000008   Code   RO         3474  * !!!main             c_w.l(__main.o)
    0x080000f4   0x080000f4   0x00000034   Code   RO         3686    !!!scatter          c_w.l(__scatter.o)
    0x08000128   0x08000128   0x0000001a   Code   RO         3688    !!handler_copy      c_w.l(__scatter_copy.o)
    0x08000142   0x08000142   0x00000002   PAD
    0x08000144   0x08000144   0x0000001c   Code   RO         3690    !!handler_zi        c_w.l(__scatter_zi.o)
    0x08000160   0x08000160   0x00000000   Code   RO         3465    .ARM.Collect$$_printf_percent$$00000000  c_w.l(_printf_percent.o)
    0x08000160   0x08000160   0x00000006   Code   RO         3464    .ARM.Collect$$_printf_percent$$00000009  c_w.l(_printf_d.o)
    0x08000166   0x08000166   0x00000004   Code   RO         3510    .ARM.Collect$$_printf_percent$$00000017  c_w.l(_printf_percent_end.o)
    0x0800016a   0x0800016a   0x00000002   Code   RO         3625    .ARM.Collect$$libinit$$00000000  c_w.l(libinit.o)
    0x0800016c   0x0800016c   0x00000000   Code   RO         3516    .ARM.Collect$$libinit$$00000002  c_w.l(libinit2.o)
    0x0800016c   0x0800016c   0x00000000   Code   RO         3518    .ARM.Collect$$libinit$$00000004  c_w.l(libinit2.o)
    0x0800016c   0x0800016c   0x00000008   Code   RO         3519    .ARM.Collect$$libinit$$00000005  c_w.l(libinit2.o)
    0x08000174   0x08000174   0x00000000   Code   RO         3521    .ARM.Collect$$libinit$$0000000A  c_w.l(libinit2.o)
    0x08000174   0x08000174   0x00000000   Code   RO         3523    .ARM.Collect$$libinit$$0000000C  c_w.l(libinit2.o)
    0x08000174   0x08000174   0x00000000   Code   RO         3525    .ARM.Collect$$libinit$$0000000E  c_w.l(libinit2.o)
    0x08000174   0x08000174   0x00000000   Code   RO         3528    .ARM.Collect$$libinit$$00000011  c_w.l(libinit2.o)
    0x08000174   0x08000174   0x00000000   Code   RO         3530    .ARM.Collect$$libinit$$00000013  c_w.l(libinit2.o)
    0x08000174   0x08000174   0x00000000   Code   RO         3532    .ARM.Collect$$libinit$$00000015  c_w.l(libinit2.o)
    0x08000174   0x08000174   0x00000000   Code   RO         3534    .ARM.Collect$$libinit$$00000017  c_w.l(libinit2.o)
    0x08000174   0x08000174   0x00000000   Code   RO         3536    .ARM.Collect$$libinit$$00000019  c_w.l(libinit2.o)
    0x08000174   0x08000174   0x00000000   Code   RO         3538    .ARM.Collect$$libinit$$0000001B  c_w.l(libinit2.o)
    0x08000174   0x08000174   0x00000000   Code   RO         3540    .ARM.Collect$$libinit$$0000001D  c_w.l(libinit2.o)
    0x08000174   0x08000174   0x00000000   Code   RO         3542    .ARM.Collect$$libinit$$0000001F  c_w.l(libinit2.o)
    0x08000174   0x08000174   0x00000000   Code   RO         3544    .ARM.Collect$$libinit$$00000021  c_w.l(libinit2.o)
    0x08000174   0x08000174   0x00000000   Code   RO         3546    .ARM.Collect$$libinit$$00000023  c_w.l(libinit2.o)
    0x08000174   0x08000174   0x00000000   Code   RO         3548    .ARM.Collect$$libinit$$00000025  c_w.l(libinit2.o)
    0x08000174   0x08000174   0x00000000   Code   RO         3552    .ARM.Collect$$libinit$$0000002C  c_w.l(libinit2.o)
    0x08000174   0x08000174   0x00000000   Code   RO         3554    .ARM.Collect$$libinit$$0000002E  c_w.l(libinit2.o)
    0x08000174   0x08000174   0x00000000   Code   RO         3556    .ARM.Collect$$libinit$$00000030  c_w.l(libinit2.o)
    0x08000174   0x08000174   0x00000000   Code   RO         3558    .ARM.Collect$$libinit$$00000032  c_w.l(libinit2.o)
    0x08000174   0x08000174   0x00000002   Code   RO         3559    .ARM.Collect$$libinit$$00000033  c_w.l(libinit2.o)
    0x08000176   0x08000176   0x00000002   Code   RO         3683    .ARM.Collect$$libshutdown$$00000000  c_w.l(libshutdown.o)
    0x08000178   0x08000178   0x00000000   Code   RO         3639    .ARM.Collect$$libshutdown$$00000002  c_w.l(libshutdown2.o)
    0x08000178   0x08000178   0x00000000   Code   RO         3641    .ARM.Collect$$libshutdown$$00000004  c_w.l(libshutdown2.o)
    0x08000178   0x08000178   0x00000000   Code   RO         3644    .ARM.Collect$$libshutdown$$00000007  c_w.l(libshutdown2.o)
    0x08000178   0x08000178   0x00000000   Code   RO         3647    .ARM.Collect$$libshutdown$$0000000A  c_w.l(libshutdown2.o)
    0x08000178   0x08000178   0x00000000   Code   RO         3649    .ARM.Collect$$libshutdown$$0000000C  c_w.l(libshutdown2.o)
    0x08000178   0x08000178   0x00000000   Code   RO         3652    .ARM.Collect$$libshutdown$$0000000F  c_w.l(libshutdown2.o)
    0x08000178   0x08000178   0x00000002   Code   RO         3653    .ARM.Collect$$libshutdown$$00000010  c_w.l(libshutdown2.o)
    0x0800017a   0x0800017a   0x00000000   Code   RO         3478    .ARM.Collect$$rtentry$$00000000  c_w.l(__rtentry.o)
    0x0800017a   0x0800017a   0x00000000   Code   RO         3566    .ARM.Collect$$rtentry$$00000002  c_w.l(__rtentry2.o)
    0x0800017a   0x0800017a   0x00000006   Code   RO         3578    .ARM.Collect$$rtentry$$00000004  c_w.l(__rtentry4.o)
    0x08000180   0x08000180   0x00000000   Code   RO         3568    .ARM.Collect$$rtentry$$00000009  c_w.l(__rtentry2.o)
    0x08000180   0x08000180   0x00000004   Code   RO         3569    .ARM.Collect$$rtentry$$0000000A  c_w.l(__rtentry2.o)
    0x08000184   0x08000184   0x00000000   Code   RO         3571    .ARM.Collect$$rtentry$$0000000C  c_w.l(__rtentry2.o)
    0x08000184   0x08000184   0x00000008   Code   RO         3572    .ARM.Collect$$rtentry$$0000000D  c_w.l(__rtentry2.o)
    0x0800018c   0x0800018c   0x00000002   Code   RO         3628    .ARM.Collect$$rtexit$$00000000  c_w.l(rtexit.o)
    0x0800018e   0x0800018e   0x00000000   Code   RO         3657    .ARM.Collect$$rtexit$$00000002  c_w.l(rtexit2.o)
    0x0800018e   0x0800018e   0x00000004   Code   RO         3658    .ARM.Collect$$rtexit$$00000003  c_w.l(rtexit2.o)
    0x08000192   0x08000192   0x00000006   Code   RO         3659    .ARM.Collect$$rtexit$$00000004  c_w.l(rtexit2.o)
    0x08000198   0x08000198   0x00000000   Code   RO         3582    .emb_text           c_w.l(maybetermalloc1.o)
    0x08000198   0x08000198   0x00000040   Code   RO            4    .text               startup_stm32f103xb.o
    0x080001d8   0x080001d8   0x0000005e   Code   RO         3376    .text               c_w.l(h1_alloc.o)
    0x08000236   0x08000236   0x0000004e   Code   RO         3378    .text               c_w.l(h1_free.o)
    0x08000284   0x08000284   0x00000026   Code   RO         3434    .text               c_w.l(llushr.o)
    0x080002aa   0x080002aa   0x00000002   PAD
    0x080002ac   0x080002ac   0x00000028   Code   RO         3438    .text               c_w.l(noretval__2sprintf.o)
    0x080002d4   0x080002d4   0x00000068   Code   RO         3440    .text               c_w.l(__printf.o)
    0x0800033c   0x0800033c   0x00000078   Code   RO         3442    .text               c_w.l(_printf_dec.o)
    0x080003b4   0x080003b4   0x00000048   Code   RO         3466    .text               c_w.l(strcpy.o)
    0x080003fc   0x080003fc   0x0000003e   Code   RO         3468    .text               c_w.l(strlen.o)
    0x0800043a   0x0800043a   0x0000004e   Code   RO         3470    .text               c_w.l(rt_memclr_w.o)
    0x08000488   0x08000488   0x00000006   Code   RO         3472    .text               c_w.l(heapauxi.o)
    0x0800048e   0x0800048e   0x00000002   PAD
    0x08000490   0x08000490   0x00000008   Code   RO         3482    .text               c_w.l(rt_heap_descriptor_intlibspace.o)
    0x08000498   0x08000498   0x00000004   Code   RO         3484    .text               c_w.l(hguard.o)
    0x0800049c   0x0800049c   0x0000008a   Code   RO         3486    .text               c_w.l(init_alloc.o)
    0x08000526   0x08000526   0x0000000e   Code   RO         3490    .text               c_w.l(h1_init.o)
    0x08000534   0x08000534   0x000000b2   Code   RO         3504    .text               c_w.l(_printf_intcommon.o)
    0x080005e6   0x080005e6   0x00000002   PAD
    0x080005e8   0x080005e8   0x00000030   Code   RO         3506    .text               c_w.l(_printf_char_common.o)
    0x08000618   0x08000618   0x0000000a   Code   RO         3508    .text               c_w.l(_sputc.o)
    0x08000622   0x08000622   0x00000002   PAD
    0x08000624   0x08000624   0x00000008   Code   RO         3562    .text               c_w.l(libspace.o)
    0x0800062c   0x0800062c   0x00000034   Code   RO         3584    .text               c_w.l(h1_extend.o)
    0x08000660   0x08000660   0x0000000e   Code   RO         3590    .text               c_w.l(defsig_rtmem_outer.o)
    0x0800066e   0x0800066e   0x00000002   Code   RO         3601    .text               c_w.l(use_no_semi.o)
    0x08000670   0x08000670   0x00000000   Code   RO         3603    .text               c_w.l(indicate_semi.o)
    0x08000670   0x08000670   0x0000004a   Code   RO         3604    .text               c_w.l(sys_stackheap_outer.o)
    0x080006ba   0x080006ba   0x00000012   Code   RO         3610    .text               c_w.l(exit.o)
    0x080006cc   0x080006cc   0x0000000a   Code   RO         3612    .text               c_w.l(defsig_exit.o)
    0x080006d6   0x080006d6   0x00000002   PAD
    0x080006d8   0x080006d8   0x00000050   Code   RO         3614    .text               c_w.l(defsig_rtmem_inner.o)
    0x08000728   0x08000728   0x0000000c   Code   RO         3626    .text               c_w.l(sys_exit.o)
    0x08000734   0x08000734   0x00000032   Code   RO         3636    .text               c_w.l(defsig_general.o)
    0x08000766   0x08000766   0x0000000e   Code   RO         3654    .text               c_w.l(sys_wrch.o)
    0x08000774   0x08000774   0x00000014   Code   RO          180    i.AntennaOn         rc522.o
    0x08000788   0x08000788   0x00000002   Code   RO          443    i.BusFault_Handler  stm32f1xx_it.o
    0x0800078a   0x0800078a   0x00000002   PAD
    0x0800078c   0x0800078c   0x00000344   Code   RO          307    i.CHANGE_PASS       main.o
    0x08000ad0   0x08000ad0   0x0000001e   Code   RO          308    i.CHECK_ARRAY       main.o
    0x08000aee   0x08000aee   0x00000018   Code   RO          182    i.ClearBitMask      rc522.o
    0x08000b06   0x08000b06   0x00000002   Code   RO          444    i.DebugMon_Handler  stm32f1xx_it.o
    0x08000b08   0x08000b08   0x00000008   Code   RO          445    i.EXTI15_10_IRQHandler  stm32f1xx_it.o
    0x08000b10   0x08000b10   0x00000024   Code   RO         1883    i.FLASH_MassErase   stm32f1xx_hal_flash_ex.o
    0x08000b34   0x08000b34   0x00000024   Code   RO         1888    i.FLASH_PageErase   stm32f1xx_hal_flash_ex.o
    0x08000b58   0x08000b58   0x0000001c   Code   RO         1780    i.FLASH_Program_HalfWord  stm32f1xx_hal_flash.o
    0x08000b74   0x08000b74   0x0000005c   Code   RO         1781    i.FLASH_SetErrorCode  stm32f1xx_hal_flash.o
    0x08000bd0   0x08000bd0   0x00000054   Code   RO         1782    i.FLASH_WaitForLastOperation  stm32f1xx_hal_flash.o
    0x08000c24   0x08000c24   0x00000026   Code   RO           13    i.Flash_Erase       flash.o
    0x08000c4a   0x08000c4a   0x0000001c   Code   RO           14    i.Flash_Read_Array  flash.o
    0x08000c66   0x08000c66   0x00000006   Code   RO           17    i.Flash_Read_uint   flash.o
    0x08000c6c   0x08000c6c   0x00000036   Code   RO           18    i.Flash_Write_Array  flash.o
    0x08000ca2   0x08000ca2   0x0000001e   Code   RO           21    i.Flash_Write_uint  flash.o
    0x08000cc0   0x08000cc0   0x00000024   Code   RO         1070    i.HAL_Delay         stm32f1xx_hal.o
    0x08000ce4   0x08000ce4   0x000000a8   Code   RO         1889    i.HAL_FLASHEx_Erase  stm32f1xx_hal_flash_ex.o
    0x08000d8c   0x08000d8c   0x00000014   Code   RO         1786    i.HAL_FLASH_Lock    stm32f1xx_hal_flash.o
    0x08000da0   0x08000da0   0x00000080   Code   RO         1791    i.HAL_FLASH_Program  stm32f1xx_hal_flash.o
    0x08000e20   0x08000e20   0x00000028   Code   RO         1793    i.HAL_FLASH_Unlock  stm32f1xx_hal_flash.o
    0x08000e48   0x08000e48   0x00000002   Code   RO         1378    i.HAL_GPIO_EXTI_Callback  stm32f1xx_hal_gpio.o
    0x08000e4a   0x08000e4a   0x00000002   PAD
    0x08000e4c   0x08000e4c   0x00000018   Code   RO         1379    i.HAL_GPIO_EXTI_IRQHandler  stm32f1xx_hal_gpio.o
    0x08000e64   0x08000e64   0x000001e0   Code   RO         1380    i.HAL_GPIO_Init     stm32f1xx_hal_gpio.o
    0x08001044   0x08001044   0x0000000a   Code   RO         1382    i.HAL_GPIO_ReadPin  stm32f1xx_hal_gpio.o
    0x0800104e   0x0800104e   0x0000000a   Code   RO         1384    i.HAL_GPIO_WritePin  stm32f1xx_hal_gpio.o
    0x08001058   0x08001058   0x0000000c   Code   RO         1074    i.HAL_GetTick       stm32f1xx_hal.o
    0x08001064   0x08001064   0x00000188   Code   RO          637    i.HAL_I2C_Init      stm32f1xx_hal_i2c.o
    0x080011ec   0x080011ec   0x0000012c   Code   RO          650    i.HAL_I2C_Master_Transmit  stm32f1xx_hal_i2c.o
    0x08001318   0x08001318   0x00000060   Code   RO          525    i.HAL_I2C_MspInit   stm32f1xx_hal_msp.o
    0x08001378   0x08001378   0x00000010   Code   RO         1080    i.HAL_IncTick       stm32f1xx_hal.o
    0x08001388   0x08001388   0x00000024   Code   RO         1081    i.HAL_Init          stm32f1xx_hal.o
    0x080013ac   0x080013ac   0x00000040   Code   RO         1082    i.HAL_InitTick      stm32f1xx_hal.o
    0x080013ec   0x080013ec   0x0000003c   Code   RO          526    i.HAL_MspInit       stm32f1xx_hal_msp.o
    0x08001428   0x08001428   0x0000001a   Code   RO         1540    i.HAL_NVIC_EnableIRQ  stm32f1xx_hal_cortex.o
    0x08001442   0x08001442   0x00000002   PAD
    0x08001444   0x08001444   0x00000040   Code   RO         1546    i.HAL_NVIC_SetPriority  stm32f1xx_hal_cortex.o
    0x08001484   0x08001484   0x00000024   Code   RO         1547    i.HAL_NVIC_SetPriorityGrouping  stm32f1xx_hal_cortex.o
    0x080014a8   0x080014a8   0x0000012c   Code   RO         1238    i.HAL_RCC_ClockConfig  stm32f1xx_hal_rcc.o
    0x080015d4   0x080015d4   0x00000020   Code   RO         1245    i.HAL_RCC_GetPCLK1Freq  stm32f1xx_hal_rcc.o
    0x080015f4   0x080015f4   0x0000004c   Code   RO         1247    i.HAL_RCC_GetSysClockFreq  stm32f1xx_hal_rcc.o
    0x08001640   0x08001640   0x00000320   Code   RO         1250    i.HAL_RCC_OscConfig  stm32f1xx_hal_rcc.o
    0x08001960   0x08001960   0x000000b2   Code   RO         2051    i.HAL_SPI_Init      stm32f1xx_hal_spi.o
    0x08001a12   0x08001a12   0x00000002   PAD
    0x08001a14   0x08001a14   0x00000074   Code   RO          528    i.HAL_SPI_MspInit   stm32f1xx_hal_msp.o
    0x08001a88   0x08001a88   0x000001f0   Code   RO         2060    i.HAL_SPI_TransmitReceive  stm32f1xx_hal_spi.o
    0x08001c78   0x08001c78   0x00000028   Code   RO         1551    i.HAL_SYSTICK_Config  stm32f1xx_hal_cortex.o
    0x08001ca0   0x08001ca0   0x00000068   Code   RO         3087    i.HAL_TIMEx_MasterConfigSynchronization  stm32f1xx_hal_tim_ex.o
    0x08001d08   0x08001d08   0x0000005a   Code   RO         2364    i.HAL_TIM_Base_Init  stm32f1xx_hal_tim.o
    0x08001d62   0x08001d62   0x00000002   PAD
    0x08001d64   0x08001d64   0x00000028   Code   RO          530    i.HAL_TIM_Base_MspInit  stm32f1xx_hal_msp.o
    0x08001d8c   0x08001d8c   0x000000dc   Code   RO         2373    i.HAL_TIM_ConfigClockSource  stm32f1xx_hal_tim.o
    0x08001e68   0x08001e68   0x0000004c   Code   RO          531    i.HAL_TIM_MspPostInit  stm32f1xx_hal_msp.o
    0x08001eb4   0x08001eb4   0x000000cc   Code   RO         2436    i.HAL_TIM_PWM_ConfigChannel  stm32f1xx_hal_tim.o
    0x08001f80   0x08001f80   0x0000005a   Code   RO         2439    i.HAL_TIM_PWM_Init  stm32f1xx_hal_tim.o
    0x08001fda   0x08001fda   0x00000002   Code   RO         2441    i.HAL_TIM_PWM_MspInit  stm32f1xx_hal_tim.o
    0x08001fdc   0x08001fdc   0x0000009c   Code   RO         2444    i.HAL_TIM_PWM_Start  stm32f1xx_hal_tim.o
    0x08002078   0x08002078   0x00000002   Code   RO          446    i.HardFault_Handler  stm32f1xx_it.o
    0x0800207a   0x0800207a   0x0000002e   Code   RO          680    i.I2C_IsAcknowledgeFailed  stm32f1xx_hal_i2c.o
    0x080020a8   0x080020a8   0x0000009c   Code   RO          684    i.I2C_MasterRequestWrite  stm32f1xx_hal_i2c.o
    0x08002144   0x08002144   0x00000056   Code   RO          695    i.I2C_WaitOnBTFFlagUntilTimeout  stm32f1xx_hal_i2c.o
    0x0800219a   0x0800219a   0x00000002   PAD
    0x0800219c   0x0800219c   0x00000090   Code   RO          696    i.I2C_WaitOnFlagUntilTimeout  stm32f1xx_hal_i2c.o
    0x0800222c   0x0800222c   0x000000bc   Code   RO          697    i.I2C_WaitOnMasterAddressFlagUntilTimeout  stm32f1xx_hal_i2c.o
    0x080022e8   0x080022e8   0x00000056   Code   RO          699    i.I2C_WaitOnTXEFlagUntilTimeout  stm32f1xx_hal_i2c.o
    0x0800233e   0x0800233e   0x00000012   Code   RO          310    i.LCD_CLEAR_SCREEN  main.o
    0x08002350   0x08002350   0x00000030   Code   RO          311    i.LCD_Init          main.o
    0x08002380   0x08002380   0x00000016   Code   RO          312    i.LCD_LOCATION      main.o
    0x08002396   0x08002396   0x00000002   PAD
    0x08002398   0x08002398   0x00000018   Code   RO          313    i.LCD_WRITE_NUMBER  main.o
    0x080023b0   0x080023b0   0x0000001e   Code   RO          314    i.LCD_WRITE_STRING  main.o
    0x080023ce   0x080023ce   0x00000042   Code   RO          183    i.MFRC522_Anticoll  rc522.o
    0x08002410   0x08002410   0x0000004c   Code   RO          186    i.MFRC522_Init      rc522.o
    0x0800245c   0x0800245c   0x0000002c   Code   RO          188    i.MFRC522_Request   rc522.o
    0x08002488   0x08002488   0x00000008   Code   RO          189    i.MFRC522_Reset     rc522.o
    0x08002490   0x08002490   0x00000106   Code   RO          191    i.MFRC522_ToCard    rc522.o
    0x08002596   0x08002596   0x00000002   PAD
    0x08002598   0x08002598   0x000000e4   Code   RO          315    i.MX_GPIO_Init      main.o
    0x0800267c   0x0800267c   0x00000040   Code   RO          316    i.MX_SPI2_Init      main.o
    0x080026bc   0x080026bc   0x00000098   Code   RO          317    i.MX_TIM3_Init      main.o
    0x08002754   0x08002754   0x00000002   Code   RO          447    i.MemManage_Handler  stm32f1xx_it.o
    0x08002756   0x08002756   0x00000002   Code   RO          448    i.NMI_Handler       stm32f1xx_it.o
    0x08002758   0x08002758   0x00000002   Code   RO          449    i.PendSV_Handler    stm32f1xx_it.o
    0x0800275a   0x0800275a   0x00000002   PAD
    0x0800275c   0x0800275c   0x00000020   Code   RO          193    i.RC522_SPI_Transfer  rc522.o
    0x0800277c   0x0800277c   0x0000003c   Code   RO          194    i.Read_MFRC522      rc522.o
    0x080027b8   0x080027b8   0x00000200   Code   RO          318    i.SCAN              main.o
    0x080029b8   0x080029b8   0x00000034   Code   RO         2089    i.SPI_EndRxTxTransaction  stm32f1xx_hal_spi.o
    0x080029ec   0x080029ec   0x000000b8   Code   RO         2094    i.SPI_WaitFlagStateUntilTimeout  stm32f1xx_hal_spi.o
    0x08002aa4   0x08002aa4   0x00000002   Code   RO          450    i.SVC_Handler       stm32f1xx_it.o
    0x08002aa6   0x08002aa6   0x00000018   Code   RO          195    i.SetBitMask        rc522.o
    0x08002abe   0x08002abe   0x00000004   Code   RO          451    i.SysTick_Handler   stm32f1xx_it.o
    0x08002ac2   0x08002ac2   0x0000005a   Code   RO          319    i.SystemClock_Config  main.o
    0x08002b1c   0x08002b1c   0x00000002   Code   RO         3336    i.SystemInit        system_stm32f1xx.o
    0x08002b1e   0x08002b1e   0x00000002   PAD
    0x08002b20   0x08002b20   0x00000078   Code   RO         2457    i.TIM_Base_SetConfig  stm32f1xx_hal_tim.o
    0x08002b98   0x08002b98   0x0000001a   Code   RO         2458    i.TIM_CCxChannelCmd  stm32f1xx_hal_tim.o
    0x08002bb2   0x08002bb2   0x00000014   Code   RO         2468    i.TIM_ETR_SetConfig  stm32f1xx_hal_tim.o
    0x08002bc6   0x08002bc6   0x00000010   Code   RO         2469    i.TIM_ITRx_SetConfig  stm32f1xx_hal_tim.o
    0x08002bd6   0x08002bd6   0x00000002   PAD
    0x08002bd8   0x08002bd8   0x00000050   Code   RO         2470    i.TIM_OC1_SetConfig  stm32f1xx_hal_tim.o
    0x08002c28   0x08002c28   0x00000058   Code   RO         2471    i.TIM_OC2_SetConfig  stm32f1xx_hal_tim.o
    0x08002c80   0x08002c80   0x00000058   Code   RO         2472    i.TIM_OC3_SetConfig  stm32f1xx_hal_tim.o
    0x08002cd8   0x08002cd8   0x00000044   Code   RO         2473    i.TIM_OC4_SetConfig  stm32f1xx_hal_tim.o
    0x08002d1c   0x08002d1c   0x00000022   Code   RO         2475    i.TIM_TI1_ConfigInputStage  stm32f1xx_hal_tim.o
    0x08002d3e   0x08002d3e   0x00000024   Code   RO         2477    i.TIM_TI2_ConfigInputStage  stm32f1xx_hal_tim.o
    0x08002d62   0x08002d62   0x00000002   Code   RO          452    i.UsageFault_Handler  stm32f1xx_it.o
    0x08002d64   0x08002d64   0x0000003c   Code   RO          196    i.Write_MFRC522     rc522.o
    0x08002da0   0x08002da0   0x00000020   Code   RO         1553    i.__NVIC_SetPriority  stm32f1xx_hal_cortex.o
    0x08002dc0   0x08002dc0   0x00000066   Code   RO          320    i.data_run          main.o
    0x08002e26   0x08002e26   0x00000002   PAD
    0x08002e28   0x08002e28   0x0000097c   Code   RO          321    i.main              main.o
    0x080037a4   0x080037a4   0x00000320   Code   RO          322    i.pass_array        main.o
    0x08003ac4   0x08003ac4   0x00000044   Code   RO          323    i.send_command      main.o
    0x08003b08   0x08003b08   0x00000048   Code   RO          324    i.send_data         main.o
    0x08003b50   0x08003b50   0x00000012   Data   RO         1251    .constdata          stm32f1xx_hal_rcc.o
    0x08003b62   0x08003b62   0x00000010   Data   RO         3337    .constdata          system_stm32f1xx.o
    0x08003b72   0x08003b72   0x00000008   Data   RO         3338    .constdata          system_stm32f1xx.o
    0x08003b7a   0x08003b7a   0x00000002   PAD
    0x08003b7c   0x08003b7c   0x00000020   Data   RO         3684    Region$$Table       anon$$obj.o


    Execution Region RW_IRAM1 (Exec base: 0x20000000, Load base: 0x08003b9c, Size: 0x000007c0, Max: 0x00005000, ABSOLUTE)

    Exec Addr    Load Addr    Size         Type   Attr      Idx    E Section Name        Object

    0x20000000   0x08003b9c   0x00000026   Data   RW          327    .data               main.o
    0x20000026   0x08003bc2   0x00000002   PAD
    0x20000028   0x08003bc4   0x0000000c   Data   RW         1088    .data               stm32f1xx_hal.o
    0x20000034   0x08003bd0   0x00000004   Data   RW         3339    .data               system_stm32f1xx.o
    0x20000038        -       0x00000104   Zero   RW          325    .bss                main.o
    0x2000013c   0x08003bd4   0x00000004   PAD
    0x20000140        -       0x00000020   Zero   RW         1794    .bss                stm32f1xx_hal_flash.o
    0x20000160        -       0x00000060   Zero   RW         3563    .bss                c_w.l(libspace.o)
    0x200001c0        -       0x00000200   Zero   RW            2    HEAP                startup_stm32f103xb.o
    0x200003c0        -       0x00000400   Zero   RW            1    STACK               startup_stm32f103xb.o


==============================================================================

Image component sizes


      Code (inc. data)   RO Data    RW Data    ZI Data      Debug   Object Name

       156          0          0          0          0     441662   flash.o
      5524        628          0         38        260      13930   main.o
       676         20          0          0          0       7231   rc522.o
        64         26        236          0       1536        788   startup_stm32f103xb.o
       164         28          0         12          0       5709   stm32f1xx_hal.o
       198         14          0          0          0      28791   stm32f1xx_hal_cortex.o
       392         46          0          0         32       4534   stm32f1xx_hal_flash.o
       240         26          0          0          0       3149   stm32f1xx_hal_flash_ex.o
       526         40          0          0          0       4487   stm32f1xx_hal_gpio.o
      1398         32          0          0          0       8893   stm32f1xx_hal_i2c.o
       388         60          0          0          0       3307   stm32f1xx_hal_msp.o
      1208         72         18          0          0       4429   stm32f1xx_hal_rcc.o
       910          4          0          0          0       4545   stm32f1xx_hal_spi.o
      1338         44          0          0          0      11932   stm32f1xx_hal_tim.o
       104         12          0          0          0       1308   stm32f1xx_hal_tim_ex.o
        28          0          0          0          0       4065   stm32f1xx_it.o
         2          0         24          4          0       1047   system_stm32f1xx.o

    ----------------------------------------------------------------------
     13340       1052        312         56       1832     549807   Object Totals
         0          0         32          0          0          0   (incl. Generated)
        24          0          2          2          4          0   (incl. Padding)

    ----------------------------------------------------------------------

      Code (inc. data)   RO Data    RW Data    ZI Data      Debug   Library Member Name

         8          0          0          0          0         68   __main.o
       104          0          0          0          0         84   __printf.o
         0          0          0          0          0          0   __rtentry.o
        12          0          0          0          0          0   __rtentry2.o
         6          0          0          0          0          0   __rtentry4.o
        52          8          0          0          0          0   __scatter.o
        26          0          0          0          0          0   __scatter_copy.o
        28          0          0          0          0          0   __scatter_zi.o
        48          6          0          0          0         96   _printf_char_common.o
         6          0          0          0          0          0   _printf_d.o
       120         16          0          0          0         92   _printf_dec.o
       178          0          0          0          0         88   _printf_intcommon.o
         0          0          0          0          0          0   _printf_percent.o
         4          0          0          0          0          0   _printf_percent_end.o
        10          0          0          0          0         68   _sputc.o
        10          0          0          0          0         68   defsig_exit.o
        50          0          0          0          0         88   defsig_general.o
        80         58          0          0          0         76   defsig_rtmem_inner.o
        14          0          0          0          0         80   defsig_rtmem_outer.o
        18          0          0          0          0         80   exit.o
        94          0          0          0          0         80   h1_alloc.o
        52          0          0          0          0         68   h1_extend.o
        78          0          0          0          0         80   h1_free.o
        14          0          0          0          0         84   h1_init.o
         6          0          0          0          0        152   heapauxi.o
         4          0          0          0          0        136   hguard.o
         0          0          0          0          0          0   indicate_semi.o
       138          0          0          0          0        168   init_alloc.o
         2          0          0          0          0          0   libinit.o
        10          0          0          0          0          0   libinit2.o
         2          0          0          0          0          0   libshutdown.o
         2          0          0          0          0          0   libshutdown2.o
         8          4          0          0         96         68   libspace.o
        38          0          0          0          0         68   llushr.o
         0          0          0          0          0          0   maybetermalloc1.o
        40          6          0          0          0         84   noretval__2sprintf.o
         8          4          0          0          0         68   rt_heap_descriptor_intlibspace.o
        78          0          0          0          0         80   rt_memclr_w.o
         2          0          0          0          0          0   rtexit.o
        10          0          0          0          0          0   rtexit2.o
        72          0          0          0          0         80   strcpy.o
        62          0          0          0          0         76   strlen.o
        12          4          0          0          0         68   sys_exit.o
        74          0          0          0          0         80   sys_stackheap_outer.o
        14          0          0          0          0         76   sys_wrch.o
         2          0          0          0          0         68   use_no_semi.o

    ----------------------------------------------------------------------
      1608        106          0          0         96       2472   Library Totals
        12          0          0          0          0          0   (incl. Padding)

    ----------------------------------------------------------------------

      Code (inc. data)   RO Data    RW Data    ZI Data      Debug   Library Name

      1596        106          0          0         96       2472   c_w.l

    ----------------------------------------------------------------------
      1608        106          0          0         96       2472   Library Totals

    ----------------------------------------------------------------------

==============================================================================


      Code (inc. data)   RO Data    RW Data    ZI Data      Debug   

     14948       1158        312         56       1928     545723   Grand Totals
     14948       1158        312         56       1928     545723   ELF Image Totals
     14948       1158        312         56          0          0   ROM Totals

==============================================================================

    Total RO  Size (Code + RO Data)                15260 (  14.90kB)
    Total RW  Size (RW Data + ZI Data)              1984 (   1.94kB)
    Total ROM Size (Code + RO Data + RW Data)      15316 (  14.96kB)

==============================================================================

